Component: ARM Compiler 5.06 update 4 (build 422) Tool: armlink [4d35d2]

==============================================================================

Section Cross References

    system_stm32f1xx.o(i.SystemCoreClockUpdate) refers to system_stm32f1xx.o(.data) for .data
    system_stm32f1xx.o(i.SystemCoreClockUpdate) refers to system_stm32f1xx.o(.constdata) for .constdata
    stm32f1xx_hal_pwr.o(i.HAL_PWR_EnterSTOPMode) refers to stm32f1xx_hal_pwr.o(i.PWR_OverloadWfe) for PWR_OverloadWfe
    stm32f1xx_hal_pwr.o(i.HAL_PWR_PVD_IRQHandler) refers to stm32f1xx_hal_pwr.o(i.HAL_PWR_PVDCallback) for HAL_PWR_PVDCallback
    stm32f1xx_hal_flash_ex.o(i.FLASH_MassErase) refers to stm32f1xx_hal_flash.o(.bss) for pFlash
    stm32f1xx_hal_flash_ex.o(i.FLASH_OB_DisableWRP) refers to stm32f1xx_hal_flash.o(i.FLASH_WaitForLastOperation) for FLASH_WaitForLastOperation
    stm32f1xx_hal_flash_ex.o(i.FLASH_OB_DisableWRP) refers to stm32f1xx_hal_flash_ex.o(i.HAL_FLASHEx_OBErase) for HAL_FLASHEx_OBErase
    stm32f1xx_hal_flash_ex.o(i.FLASH_OB_DisableWRP) refers to stm32f1xx_hal_flash.o(.bss) for pFlash
    stm32f1xx_hal_flash_ex.o(i.FLASH_OB_EnableWRP) refers to stm32f1xx_hal_flash.o(i.FLASH_WaitForLastOperation) for FLASH_WaitForLastOperation
    stm32f1xx_hal_flash_ex.o(i.FLASH_OB_EnableWRP) refers to stm32f1xx_hal_flash_ex.o(i.HAL_FLASHEx_OBErase) for HAL_FLASHEx_OBErase
    stm32f1xx_hal_flash_ex.o(i.FLASH_OB_EnableWRP) refers to stm32f1xx_hal_flash.o(.bss) for pFlash
    stm32f1xx_hal_flash_ex.o(i.FLASH_OB_RDP_LevelConfig) refers to stm32f1xx_hal_flash.o(i.FLASH_WaitForLastOperation) for FLASH_WaitForLastOperation
    stm32f1xx_hal_flash_ex.o(i.FLASH_OB_RDP_LevelConfig) refers to stm32f1xx_hal_flash.o(.bss) for pFlash
    stm32f1xx_hal_flash_ex.o(i.FLASH_PageErase) refers to stm32f1xx_hal_flash.o(.bss) for pFlash
    stm32f1xx_hal_flash_ex.o(i.HAL_FLASHEx_Erase) refers to stm32f1xx_hal_flash.o(i.FLASH_WaitForLastOperation) for FLASH_WaitForLastOperation
    stm32f1xx_hal_flash_ex.o(i.HAL_FLASHEx_Erase) refers to stm32f1xx_hal_flash_ex.o(i.FLASH_MassErase) for FLASH_MassErase
    stm32f1xx_hal_flash_ex.o(i.HAL_FLASHEx_Erase) refers to stm32f1xx_hal_flash_ex.o(i.FLASH_PageErase) for FLASH_PageErase
    stm32f1xx_hal_flash_ex.o(i.HAL_FLASHEx_Erase) refers to stm32f1xx_hal_flash.o(.bss) for pFlash
    stm32f1xx_hal_flash_ex.o(i.HAL_FLASHEx_Erase_IT) refers to stm32f1xx_hal_flash_ex.o(i.FLASH_PageErase) for FLASH_PageErase
    stm32f1xx_hal_flash_ex.o(i.HAL_FLASHEx_Erase_IT) refers to stm32f1xx_hal_flash_ex.o(i.FLASH_MassErase) for FLASH_MassErase
    stm32f1xx_hal_flash_ex.o(i.HAL_FLASHEx_Erase_IT) refers to stm32f1xx_hal_flash.o(.bss) for pFlash
    stm32f1xx_hal_flash_ex.o(i.HAL_FLASHEx_OBErase) refers to stm32f1xx_hal_flash_ex.o(i.FLASH_OB_GetRDP) for FLASH_OB_GetRDP
    stm32f1xx_hal_flash_ex.o(i.HAL_FLASHEx_OBErase) refers to stm32f1xx_hal_flash.o(i.FLASH_WaitForLastOperation) for FLASH_WaitForLastOperation
    stm32f1xx_hal_flash_ex.o(i.HAL_FLASHEx_OBErase) refers to stm32f1xx_hal_flash_ex.o(i.FLASH_OB_RDP_LevelConfig) for FLASH_OB_RDP_LevelConfig
    stm32f1xx_hal_flash_ex.o(i.HAL_FLASHEx_OBErase) refers to stm32f1xx_hal_flash.o(.bss) for pFlash
    stm32f1xx_hal_flash_ex.o(i.HAL_FLASHEx_OBGetConfig) refers to stm32f1xx_hal_flash_ex.o(i.FLASH_OB_GetRDP) for FLASH_OB_GetRDP
    stm32f1xx_hal_flash_ex.o(i.HAL_FLASHEx_OBProgram) refers to stm32f1xx_hal_flash_ex.o(i.FLASH_OB_DisableWRP) for FLASH_OB_DisableWRP
    stm32f1xx_hal_flash_ex.o(i.HAL_FLASHEx_OBProgram) refers to stm32f1xx_hal_flash_ex.o(i.FLASH_OB_EnableWRP) for FLASH_OB_EnableWRP
    stm32f1xx_hal_flash_ex.o(i.HAL_FLASHEx_OBProgram) refers to stm32f1xx_hal_flash_ex.o(i.FLASH_OB_RDP_LevelConfig) for FLASH_OB_RDP_LevelConfig
    stm32f1xx_hal_flash_ex.o(i.HAL_FLASHEx_OBProgram) refers to stm32f1xx_hal_flash.o(i.FLASH_WaitForLastOperation) for FLASH_WaitForLastOperation
    stm32f1xx_hal_flash_ex.o(i.HAL_FLASHEx_OBProgram) refers to stm32f1xx_hal_flash.o(.bss) for pFlash
    stm32f1xx_hal_dma.o(i.HAL_DMA_Abort) refers to stm32f1xx_hal.o(i.HAL_GetTick) for HAL_GetTick
    stm32f1xx_hal_dma.o(i.HAL_DMA_PollForTransfer) refers to stm32f1xx_hal.o(i.HAL_GetTick) for HAL_GetTick
    stm32f1xx_hal_dma.o(i.HAL_DMA_Start) refers to stm32f1xx_hal_dma.o(i.DMA_SetConfig) for DMA_SetConfig
    stm32f1xx_hal_dma.o(i.HAL_DMA_Start_IT) refers to stm32f1xx_hal_dma.o(i.DMA_SetConfig) for DMA_SetConfig
    stm32f1xx_hal_tim.o(i.HAL_TIM_Base_DeInit) refers to stm32f1xx_hal_tim.o(i.HAL_TIM_Base_MspDeInit) for HAL_TIM_Base_MspDeInit
    stm32f1xx_hal_tim.o(i.HAL_TIM_Base_Init) refers to stm32f1xx_hal_tim.o(i.HAL_TIM_Base_MspInit) for HAL_TIM_Base_MspInit
    stm32f1xx_hal_tim.o(i.HAL_TIM_Base_Init) refers to stm32f1xx_hal_tim.o(i.TIM_Base_SetConfig) for TIM_Base_SetConfig
    stm32f1xx_hal_tim.o(i.HAL_TIM_Base_Start_DMA) refers to stm32f1xx_hal_dma.o(i.HAL_DMA_Start_IT) for HAL_DMA_Start_IT
[...]
    Removing stm32f1xx_hal_rtc_ex.o(i.HAL_RTCEx_SetSmoothCalib), (52 bytes).
    Removing stm32f1xx_hal_rtc_ex.o(i.HAL_RTCEx_SetTamper), (80 bytes).
    Removing stm32f1xx_hal_rtc_ex.o(i.HAL_RTCEx_SetTamper_IT), (92 bytes).
    Removing stm32f1xx_hal_rtc_ex.o(i.HAL_RTCEx_Tamper1EventCallback), (2 bytes).
    Removing stm32f1xx_hal_rtc_ex.o(i.HAL_RTCEx_TamperIRQHandler), (44 bytes).
    Removing stm32f1xx_hal_sd.o(.rev16_text), (4 bytes).
    Removing stm32f1xx_hal_sd.o(.revsh_text), (4 bytes).
    Removing stm32f1xx_hal_sd.o(.rrx_text), (6 bytes).
    Removing stm32f1xx_hal_smartcard.o(.rev16_text), (4 bytes).
    Removing stm32f1xx_hal_smartcard.o(.revsh_text), (4 bytes).
    Removing stm32f1xx_hal_smartcard.o(.rrx_text), (6 bytes).
    Removing stm32f1xx_hal_smartcard.o(i.HAL_SMARTCARD_DeInit), (68 bytes).
    Removing stm32f1xx_hal_smartcard.o(i.HAL_SMARTCARD_ErrorCallback), (2 bytes).
    Removing stm32f1xx_hal_smartcard.o(i.HAL_SMARTCARD_GetError), (4 bytes).
    Removing stm32f1xx_hal_smartcard.o(i.HAL_SMARTCARD_GetState), (6 bytes).
    Removing stm32f1xx_hal_smartcard.o(i.HAL_SMARTCARD_IRQHandler), (278 bytes).
    Removing stm32f1xx_hal_smartcard.o(i.HAL_SMARTCARD_Init), (182 bytes).
    Removing stm32f1xx_hal_smartcard.o(i.HAL_SMARTCARD_MspDeInit), (2 bytes).
    Removing stm32f1xx_hal_smartcard.o(i.HAL_SMARTCARD_MspInit), (2 bytes).
    Removing stm32f1xx_hal_smartcard.o(i.HAL_SMARTCARD_Receive), (144 bytes).
    Removing stm32f1xx_hal_smartcard.o(i.HAL_SMARTCARD_Receive_DMA), (124 bytes).
    Removing stm32f1xx_hal_smartcard.o(i.HAL_SMARTCARD_Receive_IT), (106 bytes).
    Removing stm32f1xx_hal_smartcard.o(i.HAL_SMARTCARD_RxCpltCallback), (2 bytes).
    Removing stm32f1xx_hal_smartcard.o(i.HAL_SMARTCARD_Transmit), (160 bytes).
    Removing stm32f1xx_hal_smartcard.o(i.HAL_SMARTCARD_Transmit_DMA), (132 bytes).
    Removing stm32f1xx_hal_smartcard.o(i.HAL_SMARTCARD_Transmit_IT), (96 bytes).
    Removing stm32f1xx_hal_smartcard.o(i.HAL_SMARTCARD_TxCpltCallback), (2 bytes).
    Removing stm32f1xx_hal_smartcard.o(i.SMARTCARD_DMAError), (26 bytes).
    Removing stm32f1xx_hal_smartcard.o(i.SMARTCARD_DMAReceiveCplt), (42 bytes).
    Removing stm32f1xx_hal_smartcard.o(i.SMARTCARD_DMATransmitCplt), (28 bytes).
    Removing stm32f1xx_hal_smartcard.o(i.SMARTCARD_Receive_IT), (100 bytes).
    Removing stm32f1xx_hal_smartcard.o(i.SMARTCARD_SetConfig), (256 bytes).
    Removing stm32f1xx_hal_smartcard.o(i.SMARTCARD_WaitOnFlagUntilTimeout), (126 bytes).
    Removing stm32f1xx_hal_spi.o(.rev16_text), (4 bytes).
    Removing stm32f1xx_hal_spi.o(.revsh_text), (4 bytes).
    Removing stm32f1xx_hal_spi.o(.rrx_text), (6 bytes).
    Removing stm32f1xx_hal_spi.o(i.HAL_SPI_DMAPause), (48 bytes).
    Removing stm32f1xx_hal_spi.o(i.HAL_SPI_DMAResume), (48 bytes).
    Removing stm32f1xx_hal_spi.o(i.HAL_SPI_DMAStop), (50 bytes).
    Removing stm32f1xx_hal_spi.o(i.HAL_SPI_DeInit), (46 bytes).
    Removing stm32f1xx_hal_spi.o(i.HAL_SPI_ErrorCallback), (2 bytes).
    Removing stm32f1xx_hal_spi.o(i.HAL_SPI_GetError), (4 bytes).
    Removing stm32f1xx_hal_spi.o(i.HAL_SPI_GetState), (6 bytes).
    Removing stm32f1xx_hal_spi.o(i.HAL_SPI_IRQHandler), (176 bytes).
    Removing stm32f1xx_hal_spi.o(i.HAL_SPI_Init), (122 bytes).
    Removing stm32f1xx_hal_spi.o(i.HAL_SPI_MspDeInit), (2 bytes).
    Removing stm32f1xx_hal_spi.o(i.HAL_SPI_MspInit), (2 bytes).
    Removing stm32f1xx_hal_spi.o(i.HAL_SPI_Receive), (492 bytes).
    Removing stm32f1xx_hal_spi.o(i.HAL_SPI_Receive_DMA), (224 bytes).
    Removing stm32f1xx_hal_spi.o(i.HAL_SPI_Receive_IT), (180 bytes).
    Removing stm32f1xx_hal_spi.o(i.HAL_SPI_RxCpltCallback), (2 bytes).
    Removing stm32f1xx_hal_spi.o(i.HAL_SPI_RxHalfCpltCallback), (2 bytes).
    Removing stm32f1xx_hal_spi.o(i.HAL_SPI_Transmit), (326 bytes).
    Removing stm32f1xx_hal_spi.o(i.HAL_SPI_TransmitReceive), (690 bytes).
    Removing stm32f1xx_hal_spi.o(i.HAL_SPI_TransmitReceive_DMA), (272 bytes).
    Removing stm32f1xx_hal_spi.o(i.HAL_SPI_TransmitReceive_IT), (172 bytes).
    Removing stm32f1xx_hal_spi.o(i.HAL_SPI_Transmit_DMA), (192 bytes).
    Removing stm32f1xx_hal_spi.o(i.HAL_SPI_Transmit_IT), (164 bytes).
    Removing stm32f1xx_hal_spi.o(i.HAL_SPI_TxCpltCallback), (2 bytes).
    Removing stm32f1xx_hal_spi.o(i.HAL_SPI_TxHalfCpltCallback), (2 bytes).
    Removing stm32f1xx_hal_spi.o(i.HAL_SPI_TxRxCpltCallback), (2 bytes).
    Removing stm32f1xx_hal_spi.o(i.HAL_SPI_TxRxHalfCpltCallback), (2 bytes).
    Removing stm32f1xx_hal_spi.o(i.SPI_2LinesRxISR), (44 bytes).
    Removing stm32f1xx_hal_spi.o(i.SPI_DMAError), (30 bytes).
    Removing stm32f1xx_hal_spi.o(i.SPI_DMAHalfReceiveCplt), (10 bytes).
    Removing stm32f1xx_hal_spi.o(i.SPI_DMAHalfTransmitCplt), (10 bytes).
    Removing stm32f1xx_hal_spi.o(i.SPI_DMAHalfTransmitReceiveCplt), (10 bytes).
    Removing stm32f1xx_hal_spi.o(i.SPI_DMAReceiveCplt), (218 bytes).
    Removing stm32f1xx_hal_spi.o(i.SPI_DMATransmitCplt), (108 bytes).
    Removing stm32f1xx_hal_spi.o(i.SPI_DMATransmitReceiveCplt), (190 bytes).
    Removing stm32f1xx_hal_spi.o(i.SPI_ISCRCErrorValid), (4 bytes).
    Removing stm32f1xx_hal_spi.o(i.SPI_RxCloseIRQHandler), (246 bytes).
    Removing stm32f1xx_hal_spi.o(i.SPI_RxISR), (70 bytes).
    Removing stm32f1xx_hal_spi.o(i.SPI_TxCloseIRQHandler), (130 bytes).
    Removing stm32f1xx_hal_spi.o(i.SPI_TxISR), (66 bytes).
    Removing stm32f1xx_hal_spi.o(i.SPI_WaitOnFlagUntilTimeout), (158 bytes).
    Removing stm32f1xx_hal_spi_ex.o(.rev16_text), (4 bytes).
    Removing stm32f1xx_hal_spi_ex.o(.revsh_text), (4 bytes).
    Removing stm32f1xx_hal_spi_ex.o(.rrx_text), (6 bytes).
    Removing stm32f1xx_hal_spi_ex.o(i.SPI_ISCRCErrorValid), (4 bytes).
    Removing stm32f1xx_hal_sram.o(.rev16_text), (4 bytes).
    Removing stm32f1xx_hal_sram.o(.revsh_text), (4 bytes).
    Removing stm32f1xx_hal_sram.o(.rrx_text), (6 bytes).
    Removing stm32f1xx_hal_wwdg.o(.rev16_text), (4 bytes).
    Removing stm32f1xx_hal_wwdg.o(.revsh_text), (4 bytes).
    Removing stm32f1xx_hal_wwdg.o(.rrx_text), (6 bytes).
    Removing stm32f1xx_hal_wwdg.o(i.HAL_WWDG_DeInit), (42 bytes).
    Removing stm32f1xx_hal_wwdg.o(i.HAL_WWDG_GetState), (4 bytes).
    Removing stm32f1xx_hal_wwdg.o(i.HAL_WWDG_IRQHandler), (44 bytes).
    Removing stm32f1xx_hal_wwdg.o(i.HAL_WWDG_Init), (70 bytes).
    Removing stm32f1xx_hal_wwdg.o(i.HAL_WWDG_MspDeInit), (2 bytes).
    Removing stm32f1xx_hal_wwdg.o(i.HAL_WWDG_MspInit), (2 bytes).
    Removing stm32f1xx_hal_wwdg.o(i.HAL_WWDG_Refresh), (42 bytes).
    Removing stm32f1xx_hal_wwdg.o(i.HAL_WWDG_Start), (38 bytes).
    Removing stm32f1xx_hal_wwdg.o(i.HAL_WWDG_Start_IT), (42 bytes).
    Removing stm32f1xx_hal_wwdg.o(i.HAL_WWDG_WakeupCallback), (2 bytes).
    Removing stm32f1xx_ll_fsmc.o(.rev16_text), (4 bytes).
    Removing stm32f1xx_ll_fsmc.o(.revsh_text), (4 bytes).
    Removing stm32f1xx_ll_fsmc.o(.rrx_text), (6 bytes).
    Removing stm32f1xx_ll_sdmmc.o(.rev16_text), (4 bytes).
    Removing stm32f1xx_ll_sdmmc.o(.revsh_text), (4 bytes).
    Removing stm32f1xx_ll_sdmmc.o(.rrx_text), (6 bytes).
    Removing stm32f1xx_ll_usb.o(.rev16_text), (4 bytes).
    Removing stm32f1xx_ll_usb.o(.revsh_text), (4 bytes).
    Removing stm32f1xx_ll_usb.o(.rrx_text), (6 bytes).
    Removing stm32f1xx_ll_usb.o(i.USB_ActivateEndpoint), (604 bytes).
    Removing stm32f1xx_ll_usb.o(i.USB_ActivateRemoteWakeup), (14 bytes).
    Removing stm32f1xx_ll_usb.o(i.USB_ClearInterrupts), (2 bytes).
    Removing stm32f1xx_ll_usb.o(i.USB_CoreInit), (4 bytes).
    Removing stm32f1xx_ll_usb.o(i.USB_DeActivateRemoteWakeup), (14 bytes).
    Removing stm32f1xx_ll_usb.o(i.USB_DeactivateEndpoint), (292 bytes).
    Removing stm32f1xx_ll_usb.o(i.USB_DevConnect), (4 bytes).
    Removing stm32f1xx_ll_usb.o(i.USB_DevDisconnect), (4 bytes).
    Removing stm32f1xx_ll_usb.o(i.USB_DevInit), (18 bytes).
    Removing stm32f1xx_ll_usb.o(i.USB_DisableGlobalInt), (14 bytes).
    Removing stm32f1xx_ll_usb.o(i.USB_EP0_OutStart), (4 bytes).
    Removing stm32f1xx_ll_usb.o(i.USB_EPClearStall), (106 bytes).
    Removing stm32f1xx_ll_usb.o(i.USB_EPSetStall), (74 bytes).
    Removing stm32f1xx_ll_usb.o(i.USB_EPStartXfer), (426 bytes).
    Removing stm32f1xx_ll_usb.o(i.USB_EnableGlobalInt), (14 bytes).
    Removing stm32f1xx_ll_usb.o(i.USB_FlushRxFifo), (4 bytes).
    Removing stm32f1xx_ll_usb.o(i.USB_FlushTxFifo), (4 bytes).
    Removing stm32f1xx_ll_usb.o(i.USB_ReadDevAllInEpInterrupt), (4 bytes).
    Removing stm32f1xx_ll_usb.o(i.USB_ReadDevAllOutEpInterrupt), (4 bytes).
    Removing stm32f1xx_ll_usb.o(i.USB_ReadDevInEPInterrupt), (4 bytes).
    Removing stm32f1xx_ll_usb.o(i.USB_ReadDevOutEPInterrupt), (4 bytes).
    Removing stm32f1xx_ll_usb.o(i.USB_ReadInterrupts), (6 bytes).
    Removing stm32f1xx_ll_usb.o(i.USB_ReadPMA), (30 bytes).
    Removing stm32f1xx_ll_usb.o(i.USB_ReadPacket), (4 bytes).
    Removing stm32f1xx_ll_usb.o(i.USB_SetCurrentMode), (4 bytes).
    Removing stm32f1xx_ll_usb.o(i.USB_SetDevAddress), (12 bytes).
    Removing stm32f1xx_ll_usb.o(i.USB_StopDevice), (18 bytes).
    Removing stm32f1xx_ll_usb.o(i.USB_WritePMA), (38 bytes).
    Removing stm32f1xx_ll_usb.o(i.USB_WritePacket), (4 bytes).
    Removing stm32f1xx_hal_msp.o(.rev16_text), (4 bytes).
    Removing stm32f1xx_hal_msp.o(.revsh_text), (4 bytes).
    Removing stm32f1xx_hal_msp.o(.rrx_text), (6 bytes).
    Removing stm32f1xx_it.o(.rev16_text), (4 bytes).
    Removing stm32f1xx_it.o(.revsh_text), (4 bytes).
    Removing stm32f1xx_it.o(.rrx_text), (6 bytes).
    Removing main.o(.rev16_text), (4 bytes).
    Removing main.o(.revsh_text), (4 bytes).
    Removing main.o(.rrx_text), (6 bytes).
    Removing main.o(i.gsm_init), (14 bytes).
    Removing startup_stm32f103xb.o(HEAP), (512 bytes).
    Removing cjson.o(i.buffer_skip_whitespace), (44 bytes).
    Removing cjson.o(i.cJSON_AddItemReferenceToArray), (36 bytes).
    Removing cjson.o(i.cJSON_AddItemReferenceToObject), (40 bytes).
    Removing cjson.o(i.cJSON_AddItemToArray), (30 bytes).
    Removing cjson.o(i.cJSON_AddItemToObject), (44 bytes).
    Removing cjson.o(i.cJSON_AddItemToObjectCS), (60 bytes).
    Removing cjson.o(i.cJSON_Compare), (270 bytes).
    Removing cjson.o(i.cJSON_CreateArray), (24 bytes).
    Removing cjson.o(i.cJSON_CreateBool), (32 bytes).
    Removing cjson.o(i.cJSON_CreateDoubleArray), (82 bytes).
    Removing cjson.o(i.cJSON_CreateFalse), (24 bytes).
    Removing cjson.o(i.cJSON_CreateFloatArray), (82 bytes).
    Removing cjson.o(i.cJSON_CreateIntArray), (82 bytes).
    Removing cjson.o(i.cJSON_CreateNull), (24 bytes).
    Removing cjson.o(i.cJSON_CreateNumber), (96 bytes).
    Removing cjson.o(i.cJSON_CreateObject), (24 bytes).
    Removing cjson.o(i.cJSON_CreateRaw), (48 bytes).
    Removing cjson.o(i.cJSON_CreateString), (48 bytes).
    Removing cjson.o(i.cJSON_CreateStringArray), (78 bytes).
    Removing cjson.o(i.cJSON_CreateTrue), (24 bytes).
    Removing cjson.o(i.cJSON_Delete), (72 bytes).
    Removing cjson.o(i.cJSON_DeleteItemFromArray), (14 bytes).
    Removing cjson.o(i.cJSON_DeleteItemFromObject), (14 bytes).
    Removing cjson.o(i.cJSON_DeleteItemFromObjectCaseSensitive), (14 bytes).
    Removing cjson.o(i.cJSON_DetachItemFromArray), (28 bytes).
    Removing cjson.o(i.cJSON_DetachItemFromObject), (20 bytes).
    Removing cjson.o(i.cJSON_DetachItemFromObjectCaseSensitive), (20 bytes).
    Removing cjson.o(i.cJSON_DetachItemViaPointer), (44 bytes).
    Removing cjson.o(i.cJSON_Duplicate), (136 bytes).
    Removing cjson.o(i.cJSON_GetArrayItem), (12 bytes).
    Removing cjson.o(i.cJSON_GetArraySize), (26 bytes).
    Removing cjson.o(i.cJSON_GetErrorPtr), (16 bytes).
    Removing cjson.o(i.cJSON_GetObjectItem), (6 bytes).
    Removing cjson.o(i.cJSON_GetObjectItemCaseSensitive), (6 bytes).
    Removing cjson.o(i.cJSON_HasObjectItem), (14 bytes).
    Removing cjson.o(i.cJSON_InitHooks), (72 bytes).
    Removing cjson.o(i.cJSON_InsertItemInArray), (52 bytes).
    Removing cjson.o(i.cJSON_IsArray), (18 bytes).
    Removing cjson.o(i.cJSON_IsBool), (14 bytes).
    Removing cjson.o(i.cJSON_IsFalse), (14 bytes).
    Removing cjson.o(i.cJSON_IsInvalid), (20 bytes).
    Removing cjson.o(i.cJSON_IsNull), (18 bytes).
    Removing cjson.o(i.cJSON_IsNumber), (18 bytes).
    Removing cjson.o(i.cJSON_IsObject), (18 bytes).
    Removing cjson.o(i.cJSON_IsRaw), (18 bytes).
    Removing cjson.o(i.cJSON_IsString), (18 bytes).
    Removing cjson.o(i.cJSON_IsTrue), (18 bytes).
    Removing cjson.o(i.cJSON_Minify), (148 bytes).
    Removing cjson.o(i.cJSON_New_Item), (22 bytes).
    Removing cjson.o(i.cJSON_Parse), (8 bytes).
    Removing cjson.o(i.cJSON_ParseWithOpts), (228 bytes).
    Removing cjson.o(i.cJSON_Print), (12 bytes).
    Removing cjson.o(i.cJSON_PrintBuffered), (88 bytes).
    Removing cjson.o(i.cJSON_PrintPreallocated), (72 bytes).
    Removing cjson.o(i.cJSON_PrintUnformatted), (12 bytes).
    Removing cjson.o(i.cJSON_ReplaceItemInArray), (30 bytes).
    Removing cjson.o(i.cJSON_ReplaceItemInObject), (6 bytes).
    Removing cjson.o(i.cJSON_ReplaceItemInObjectCaseSensitive), (6 bytes).
    Removing cjson.o(i.cJSON_ReplaceItemViaPointer), (60 bytes).
    Removing cjson.o(i.cJSON_SetNumberHelper), (80 bytes).
    Removing cjson.o(i.cJSON_Version), (40 bytes).
    Removing cjson.o(i.cJSON_free), (12 bytes).
    Removing cjson.o(i.cJSON_malloc), (12 bytes).
    Removing cjson.o(i.cJSON_strdup), (40 bytes).
    Removing cjson.o(i.create_reference), (48 bytes).
    Removing cjson.o(i.ensure), (138 bytes).
    Removing cjson.o(i.get_array_item), (22 bytes).
    Removing cjson.o(i.get_object_item), (112 bytes).
    Removing cjson.o(i.parse_array), (204 bytes).
    Removing cjson.o(i.parse_hex4), (64 bytes).
    Removing cjson.o(i.parse_number), (240 bytes).
    Removing cjson.o(i.parse_object), (262 bytes).
    Removing cjson.o(i.parse_string), (268 bytes).
    Removing cjson.o(i.parse_value), (252 bytes).
    Removing cjson.o(i.print), (146 bytes).
    Removing cjson.o(i.print_array), (150 bytes).
    Removing cjson.o(i.print_number), (168 bytes).
    Removing cjson.o(i.print_object), (320 bytes).
    Removing cjson.o(i.print_string_ptr), (272 bytes).
    Removing cjson.o(i.print_value), (220 bytes).
    Removing cjson.o(i.replace_item_in_object), (84 bytes).
    Removing cjson.o(i.update_offset), (28 bytes).
    Removing cjson.o(i.utf16_literal_to_utf8), (210 bytes).
    Removing cjson.o(.bss), (15 bytes).
    Removing cjson.o(.data), (20 bytes).
    Removing cjson_utils.o(i.apply_patch), (612 bytes).
    Removing cjson_utils.o(i.cJSONUtils_AddPatchToArray), (12 bytes).
    Removing cjson_utils.o(i.cJSONUtils_ApplyPatches), (48 bytes).
    Removing cjson_utils.o(i.cJSONUtils_ApplyPatchesCaseSensitive), (48 bytes).
    Removing cjson_utils.o(i.cJSONUtils_FindPointerFromObjectTo), (188 bytes).
    Removing cjson_utils.o(i.cJSONUtils_GenerateMergePatch), (6 bytes).
    Removing cjson_utils.o(i.cJSONUtils_GenerateMergePatchCaseSensitive), (6 bytes).
    Removing cjson_utils.o(i.cJSONUtils_GeneratePatches), (44 bytes).
    Removing cjson_utils.o(i.cJSONUtils_GeneratePatchesCaseSensitive), (44 bytes).
    Removing cjson_utils.o(i.cJSONUtils_GetPointer), (6 bytes).
    Removing cjson_utils.o(i.cJSONUtils_GetPointerCaseSensitive), (6 bytes).
    Removing cjson_utils.o(i.cJSONUtils_MergePatch), (6 bytes).
    Removing cjson_utils.o(i.cJSONUtils_MergePatchCaseSensitive), (6 bytes).
    Removing cjson_utils.o(i.cJSONUtils_SortObject), (6 bytes).
    Removing cjson_utils.o(i.cJSONUtils_SortObjectCaseSensitive), (6 bytes).
    Removing cjson_utils.o(i.cJSONUtils_strdup), (36 bytes).
    Removing cjson_utils.o(i.compare_json), (182 bytes).
    Removing cjson_utils.o(i.compare_pointers), (122 bytes).
    Removing cjson_utils.o(i.compare_strings), (76 bytes).
    Removing cjson_utils.o(i.compose_patch), (204 bytes).
    Removing cjson_utils.o(i.create_patches), (428 bytes).
    Removing cjson_utils.o(i.decode_array_index_from_pointer), (70 bytes).
    Removing cjson_utils.o(i.decode_patch_operation), (156 bytes).
    Removing cjson_utils.o(i.decode_pointer_inplace), (48 bytes).
    Removing cjson_utils.o(i.detach_path), (162 bytes).
    Removing cjson_utils.o(i.encode_string_as_pointer), (48 bytes).
    Removing cjson_utils.o(i.generate_merge_patch), (192 bytes).
    Removing cjson_utils.o(i.get_item_from_pointer), (120 bytes).
    Removing cjson_utils.o(i.get_object_item), (10 bytes).
    Removing cjson_utils.o(i.merge_patch), (136 bytes).
    Removing cjson_utils.o(i.overwrite_item), (48 bytes).
    Removing cjson_utils.o(i.pointer_encoded_length), (28 bytes).
    Removing cjson_utils.o(i.sort_list), (182 bytes).
    Removing cjson_utils.o(i.sort_object), (16 bytes).
    Removing cjson_utils.o(.constdata), (40 bytes).
    Removing bsp_led.o(.rev16_text), (4 bytes).
    Removing bsp_led.o(.revsh_text), (4 bytes).
    Removing bsp_led.o(.rrx_text), (6 bytes).
    Removing bsp_led.o(i.LEDx_StateSet), (100 bytes).
    Removing bsp_debug_usart.o(.rev16_text), (4 bytes).
    Removing bsp_debug_usart.o(.revsh_text), (4 bytes).
    Removing bsp_debug_usart.o(.rrx_text), (6 bytes).
    Removing bsp_debug_usart.o(i.HAL_UART_MspDeInit), (64 bytes).
    Removing bsp_debug_usart.o(i.fgetc), (32 bytes).
    Removing bsp_spiflash.o(.rev16_text), (4 bytes).
    Removing bsp_spiflash.o(.revsh_text), (4 bytes).
    Removing bsp_spiflash.o(.rrx_text), (6 bytes).
    Removing bsp_spiflash.o(i.HAL_SPI_MspDeInit), (56 bytes).
    Removing bsp_spiflash.o(i.SPI_FLASH_BufferRead), (88 bytes).
    Removing bsp_spiflash.o(i.SPI_FLASH_BufferWrite), (188 bytes).
    Removing bsp_spiflash.o(i.SPI_FLASH_BulkErase), (48 bytes).
    Removing bsp_spiflash.o(i.SPI_FLASH_PageWrite), (100 bytes).
    Removing bsp_spiflash.o(i.SPI_FLASH_ReadByte), (44 bytes).
    Removing bsp_spiflash.o(i.SPI_FLASH_ReadDeviceID), (64 bytes).
    Removing bsp_spiflash.o(i.SPI_FLASH_ReadID), (72 bytes).
    Removing bsp_spiflash.o(i.SPI_FLASH_SectorErase), (76 bytes).
    Removing bsp_spiflash.o(i.SPI_FLASH_SendByte), (44 bytes).
    Removing bsp_spiflash.o(i.SPI_FLASH_StartReadSequence), (52 bytes).
    Removing bsp_spiflash.o(i.SPI_FLASH_WaitForWriteEnd), (48 bytes).
    Removing bsp_spiflash.o(i.SPI_FLASH_WriteEnable), (40 bytes).
    Removing bsp_spiflash.o(i.SPI_Flash_PowerDown), (40 bytes).
    Removing bsp_spiflash.o(i.SPI_Flash_WAKEUP), (40 bytes).
    Removing bsp_usartx.o(.rev16_text), (4 bytes).
    Removing bsp_usartx.o(.revsh_text), (4 bytes).
    Removing bsp_usartx.o(.rrx_text), (6 bytes).
    Removing bsp_key.o(.rev16_text), (4 bytes).
    Removing bsp_key.o(.revsh_text), (4 bytes).
    Removing bsp_key.o(.rrx_text), (6 bytes).
    Removing bsp_key.o(i.KEY1_StateRead), (64 bytes).
    Removing bsp_key.o(i.KEY2_StateRead), (64 bytes).
    Removing bsp_key.o(i.KEY3_StateRead), (64 bytes).
    Removing bsp_gsm.o(.rev16_text), (4 bytes).
    Removing bsp_gsm.o(.revsh_text), (4 bytes).
    Removing bsp_gsm.o(.rrx_text), (6 bytes).
    Removing bsp_gsm.o(i.GSM_call), (36 bytes).
    Removing bsp_gsm.o(i.GSM_char2hex), (48 bytes).
    Removing bsp_gsm.o(i.GSM_cnum), (100 bytes).
    Removing bsp_gsm.o(i.GSM_gbk2ucs2), (60 bytes).
    Removing bsp_gsm.o(i.GSM_gbk2ucs2hex), (84 bytes).
    Removing bsp_gsm.o(i.GSM_gprs_init), (148 bytes).
    Removing bsp_gsm.o(i.GSM_gprs_link_close), (44 bytes).
    Removing bsp_gsm.o(i.GSM_gprs_send), (100 bytes).
    Removing bsp_gsm.o(i.GSM_gprs_shut_close), (40 bytes).
    Removing bsp_gsm.o(i.GSM_gprs_tcp_link), (156 bytes).
    Removing bsp_gsm.o(i.GSM_gprs_udp_link), (136 bytes).
    Removing bsp_gsm.o(i.GSM_http_end), (40 bytes).
    Removing bsp_gsm.o(i.GSM_http_get), (144 bytes).
    Removing bsp_gsm.o(i.GSM_http_init), (40 bytes).
    Removing bsp_gsm.o(i.GSM_http_post), (304 bytes).
    Removing bsp_gsm.o(i.GSM_ip_init), (156 bytes).
    Removing bsp_gsm.o(i.GSM_sms), (276 bytes).
    Removing bsp_gsm.o(i.GSM_waitask), (64 bytes).
    Removing bsp_gsm.o(i.IsASSIC), (22 bytes).
    Removing bsp_gsm.o(i.IsRing), (92 bytes).
    Removing bsp_gsm.o(i.PostGPRS), (48 bytes).
    Removing bsp_gsm.o(i.Return_result), (112 bytes).
    Removing bsp_gsm.o(i.hexuni2gbk), (166 bytes).
    Removing bsp_gsm.o(i.split), (46 bytes).
    Removing ys_936.o(.rev16_text), (4 bytes).
    Removing ys_936.o(.revsh_text), (4 bytes).
    Removing ys_936.o(.rrx_text), (6 bytes).
    Removing ys_936.o(i.ff_convert), (104 bytes).
    Removing ys_936.o(i.ff_wtoupper), (36 bytes).
    Removing ys_936.o(.constdata), (960 bytes).
    Removing dflti.o(.text), (34 bytes).
    Removing dfixi.o(.text), (62 bytes).
    Removing f2d.o(.text), (38 bytes).
    Removing cdcmple.o(.text), (48 bytes).
    Removing dfltul.o(.text), (24 bytes).
    Removing d2f.o(.text), (56 bytes).
    Removing fepilogue.o(.text), (110 bytes).

972 unused section(s) (total 68635 bytes) removed from the image.

==============================================================================

Image Symbol Table

    Local Symbols

    Symbol Name                              Value     Ov Type        Size  Object(Section)

    ../Drivers/CMSIS/Device/ST/STM32F1xx/Source/Templates/system_stm32f1xx.c 0x00000000   Number         0  system_stm32f1xx.o ABSOLUTE
    ../Drivers/STM32F1xx_HAL_Driver/Src/stm32f1xx_hal.c 0x00000000   Number         0  stm32f1xx_hal.o ABSOLUTE
    ../Drivers/STM32F1xx_HAL_Driver/Src/stm32f1xx_hal_cortex.c 0x00000000   Number         0  stm32f1xx_hal_cortex.o ABSOLUTE
    ../Drivers/STM32F1xx_HAL_Driver/Src/stm32f1xx_hal_dma.c 0x00000000   Number         0  stm32f1xx_hal_dma.o ABSOLUTE
    ../Drivers/STM32F1xx_HAL_Driver/Src/stm32f1xx_hal_flash.c 0x00000000   Number         0  stm32f1xx_hal_flash.o ABSOLUTE
    ../Drivers/STM32F1xx_HAL_Driver/Src/stm32f1xx_hal_flash_ex.c 0x00000000   Number         0  stm32f1xx_hal_flash_ex.o ABSOLUTE
    ../Drivers/STM32F1xx_HAL_Driver/Src/stm32f1xx_hal_gpio.c 0x00000000   Number         0  stm32f1xx_hal_gpio.o ABSOLUTE
    ../Drivers/STM32F1xx_HAL_Driver/Src/stm32f1xx_hal_pwr.c 0x00000000   Number         0  stm32f1xx_hal_pwr.o ABSOLUTE
    ../Drivers/STM32F1xx_HAL_Driver/Src/stm32f1xx_hal_rcc.c 0x00000000   Number         0  stm32f1xx_hal_rcc.o ABSOLUTE
    ../Drivers/STM32F1xx_HAL_Driver/Src/stm32f1xx_hal_rcc_ex.c 0x00000000   Number         0  stm32f1xx_hal_rcc_ex.o ABSOLUTE
    ../Drivers/STM32F1xx_HAL_Driver/Src/stm32f1xx_hal_tim.c 0x00000000   Number         0  stm32f1xx_hal_tim.o ABSOLUTE
    ../Drivers/STM32F1xx_HAL_Driver/Src/stm32f1xx_hal_tim_ex.c 0x00000000   Number         0  stm32f1xx_hal_tim_ex.o ABSOLUTE
    ../Src/main.c                            0x00000000   Number         0  main.o ABSOLUTE
    ../Src/stm32f1xx_hal_msp.c               0x00000000   Number         0  stm32f1xx_hal_msp.o ABSOLUTE
    ../Src/stm32f1xx_it.c                    0x00000000   Number         0  stm32f1xx_it.o ABSOLUTE
    ../clib/microlib/ctype/ctype.c           0x00000000   Number         0  ctype_c.o ABSOLUTE
    ../clib/microlib/ctype/ctype.c           0x00000000   Number         0  isspace_c.o ABSOLUTE
    ../clib/microlib/ctype/tolower.c         0x00000000   Number         0  tolower.o ABSOLUTE
    ../clib/microlib/division.c              0x00000000   Number         0  uldiv.o ABSOLUTE
    ../clib/microlib/division.c              0x00000000   Number         0  uidiv.o ABSOLUTE
    ../clib/microlib/init/entry.s            0x00000000   Number         0  entry10a.o ABSOLUTE
    ../clib/microlib/init/entry.s            0x00000000   Number         0  entry7b.o ABSOLUTE
    ../clib/microlib/init/entry.s            0x00000000   Number         0  entry10b.o ABSOLUTE
    ../clib/microlib/init/entry.s            0x00000000   Number         0  entry11a.o ABSOLUTE
    ../clib/microlib/init/entry.s            0x00000000   Number         0  entry7a.o ABSOLUTE
    ../clib/microlib/init/entry.s            0x00000000   Number         0  entry11b.o ABSOLUTE
    ../clib/microlib/init/entry.s            0x00000000   Number         0  entry5.o ABSOLUTE
    ../clib/microlib/init/entry.s            0x00000000   Number         0  entry2.o ABSOLUTE
    ../clib/microlib/init/entry.s            0x00000000   Number         0  entry8b.o ABSOLUTE
    ../clib/microlib/init/entry.s            0x00000000   Number         0  entry9a.o ABSOLUTE
    ../clib/microlib/init/entry.s            0x00000000   Number         0  entry9b.o ABSOLUTE
    ../clib/microlib/init/entry.s            0x00000000   Number         0  entry8a.o ABSOLUTE
    ../clib/microlib/init/entry.s            0x00000000   Number         0  entry.o ABSOLUTE
    ../clib/microlib/longlong.c              0x00000000   Number         0  llushr.o ABSOLUTE
    ../clib/microlib/longlong.c              0x00000000   Number         0  llshl.o ABSOLUTE
    ../clib/microlib/longlong.c              0x00000000   Number         0  llsshr.o ABSOLUTE
    ../clib/microlib/malloc/malloc.c         0x00000000   Number         0  malloc.o ABSOLUTE
    ../clib/microlib/malloc/malloc.c         0x00000000   Number         0  mallocr.o ABSOLUTE
    ../clib/microlib/malloc/malloc.c         0x00000000   Number         0  malloca.o ABSOLUTE
    ../clib/microlib/malloc/malloc.c         0x00000000   Number         0  mallocra.o ABSOLUTE
    ../clib/microlib/malloc/mvars.c          0x00000000   Number         0  mvars.o ABSOLUTE
    ../clib/microlib/printf/printf.c         0x00000000   Number         0  printfa.o ABSOLUTE
    ../clib/microlib/printf/printf.c         0x00000000   Number         0  printfb.o ABSOLUTE
    ../clib/microlib/printf/printf.c         0x00000000   Number         0  printf0.o ABSOLUTE
    ../clib/microlib/printf/printf.c         0x00000000   Number         0  printf5.o ABSOLUTE
    ../clib/microlib/printf/printf.c         0x00000000   Number         0  printf1.o ABSOLUTE
    ../clib/microlib/printf/printf.c         0x00000000   Number         0  printf2.o ABSOLUTE
    ../clib/microlib/printf/printf.c         0x00000000   Number         0  printf3.o ABSOLUTE
    ../clib/microlib/printf/printf.c         0x00000000   Number         0  printf4.o ABSOLUTE
    ../clib/microlib/printf/printf.c         0x00000000   Number         0  printf6.o ABSOLUTE
    ../clib/microlib/printf/printf.c         0x00000000   Number         0  printf7.o ABSOLUTE
    ../clib/microlib/printf/printf.c         0x00000000   Number         0  printf8.o ABSOLUTE
    ../clib/microlib/printf/stubs.s          0x00000000   Number         0  stubs.o ABSOLUTE
    ../clib/microlib/stdio/streams.c         0x00000000   Number         0  stdout.o ABSOLUTE
    ../clib/microlib/string/memcpy.c         0x00000000   Number         0  memcpyb.o ABSOLUTE
    ../clib/microlib/string/memcpy.c         0x00000000   Number         0  memcpya.o ABSOLUTE
    ../clib/microlib/string/memset.c         0x00000000   Number         0  memseta.o ABSOLUTE
    ../clib/microlib/string/strcat.c         0x00000000   Number         0  strcat.o ABSOLUTE
    ../clib/microlib/string/strcmp.c         0x00000000   Number         0  strcmp.o ABSOLUTE
    ../clib/microlib/string/strcpy.c         0x00000000   Number         0  strcpy.o ABSOLUTE
    ../clib/microlib/string/strlen.c         0x00000000   Number         0  strlen.o ABSOLUTE
    ../clib/microlib/string/strncmp.c        0x00000000   Number         0  strncmp.o ABSOLUTE
    ../clib/microlib/string/strrchr.c        0x00000000   Number         0  strrchr.o ABSOLUTE
    ../clib/microlib/string/strstr.c         0x00000000   Number         0  strstr.o ABSOLUTE
    ../clib/microlib/string/strtok.c         0x00000000   Number         0  strtok_r.o ABSOLUTE
    ../clib/microlib/string/strtok.c         0x00000000   Number         0  strtok.o ABSOLUTE
    ../clib/microlib/stubs.s                 0x00000000   Number         0  iusefp.o ABSOLUTE
    ../clib/scanf.c                          0x00000000   Number         0  strtod.o ABSOLUTE
    ../clib/scanf.c                          0x00000000   Number         0  __0sscanf.o ABSOLUTE
    ../clib/scanf.c                          0x00000000   Number         0  _scanf.o ABSOLUTE
    ../clib/scanf.c                          0x00000000   Number         0  scanf_char.o ABSOLUTE
    ../clib/scanf.c                          0x00000000   Number         0  _sgetc.o ABSOLUTE
    ../clib/scanf.c                          0x00000000   Number         0  scanf_fp.o ABSOLUTE
    ../fplib/microlib/d2f.c                  0x00000000   Number         0  d2f.o ABSOLUTE
    ../fplib/microlib/f2d.c                  0x00000000   Number         0  f2d.o ABSOLUTE
    ../fplib/microlib/fpadd.c                0x00000000   Number         0  dadd.o ABSOLUTE
    ../fplib/microlib/fpdiv.c                0x00000000   Number         0  ddiv.o ABSOLUTE
    ../fplib/microlib/fpepilogue.c           0x00000000   Number         0  depilogue.o ABSOLUTE
    ../fplib/microlib/fpepilogue.c           0x00000000   Number         0  fepilogue.o ABSOLUTE
    ../fplib/microlib/fpfix.c                0x00000000   Number         0  dfixul.o ABSOLUTE
    ../fplib/microlib/fpfix.c                0x00000000   Number         0  dfixi.o ABSOLUTE
    ../fplib/microlib/fpflt.c                0x00000000   Number         0  dfltul.o ABSOLUTE
    ../fplib/microlib/fpflt.c                0x00000000   Number         0  dflti.o ABSOLUTE
    ../fplib/microlib/fpmul.c                0x00000000   Number         0  dmul.o ABSOLUTE
    ../mathlib/strtod.c                      0x00000000   Number         0  strtod.o ABSOLUTE
    ..\..\..\cJSON-master\cJSON.c            0x00000000   Number         0  cjson.o ABSOLUTE
    ..\..\..\cJSON-master\cJSON_Utils.c      0x00000000   Number         0  cjson_utils.o ABSOLUTE
    ..\Drivers\CMSIS\Device\ST\STM32F1xx\Source\Templates\system_stm32f1xx.c 0x00000000   Number         0  system_stm32f1xx.o ABSOLUTE
    ..\Drivers\STM32F1xx_HAL_Driver\Src\stm32f1xx_hal.c 0x00000000   Number         0  stm32f1xx_hal.o ABSOLUTE
    ..\Drivers\STM32F1xx_HAL_Driver\Src\stm32f1xx_hal_adc.c 0x00000000   Number         0  stm32f1xx_hal_adc.o ABSOLUTE
    ..\Drivers\STM32F1xx_HAL_Driver\Src\stm32f1xx_hal_adc_ex.c 0x00000000   Number         0  stm32f1xx_hal_adc_ex.o ABSOLUTE
    ..\Drivers\STM32F1xx_HAL_Driver\Src\stm32f1xx_hal_can.c 0x00000000   Number         0  stm32f1xx_hal_can.o ABSOLUTE
    ..\Drivers\STM32F1xx_HAL_Driver\Src\stm32f1xx_hal_cec.c 0x00000000   Number         0  stm32f1xx_hal_cec.o ABSOLUTE
    ..\Drivers\STM32F1xx_HAL_Driver\Src\stm32f1xx_hal_cortex.c 0x00000000   Number         0  stm32f1xx_hal_cortex.o ABSOLUTE
    ..\Drivers\STM32F1xx_HAL_Driver\Src\stm32f1xx_hal_crc.c 0x00000000   Number         0  stm32f1xx_hal_crc.o ABSOLUTE
    ..\Drivers\STM32F1xx_HAL_Driver\Src\stm32f1xx_hal_dac.c 0x00000000   Number         0  stm32f1xx_hal_dac.o ABSOLUTE
    ..\Drivers\STM32F1xx_HAL_Driver\Src\stm32f1xx_hal_dac_ex.c 0x00000000   Number         0  stm32f1xx_hal_dac_ex.o ABSOLUTE
    ..\Drivers\STM32F1xx_HAL_Driver\Src\stm32f1xx_hal_dma.c 0x00000000   Number         0  stm32f1xx_hal_dma.o ABSOLUTE
    ..\Drivers\STM32F1xx_HAL_Driver\Src\stm32f1xx_hal_eth.c 0x00000000   Number         0  stm32f1xx_hal_eth.o ABSOLUTE
    ..\Drivers\STM32F1xx_HAL_Driver\Src\stm32f1xx_hal_flash.c 0x00000000   Number         0  stm32f1xx_hal_flash.o ABSOLUTE
    ..\Drivers\STM32F1xx_HAL_Driver\Src\stm32f1xx_hal_flash_ex.c 0x00000000   Number         0  stm32f1xx_hal_flash_ex.o ABSOLUTE
    ..\Drivers\STM32F1xx_HAL_Driver\Src\stm32f1xx_hal_gpio.c 0x00000000   Number         0  stm32f1xx_hal_gpio.o ABSOLUTE
    ..\Drivers\STM32F1xx_HAL_Driver\Src\stm32f1xx_hal_gpio_ex.c 0x00000000   Number         0  stm32f1xx_hal_gpio_ex.o ABSOLUTE
    ..\Drivers\STM32F1xx_HAL_Driver\Src\stm32f1xx_hal_hcd.c 0x00000000   Number         0  stm32f1xx_hal_hcd.o ABSOLUTE
    ..\Drivers\STM32F1xx_HAL_Driver\Src\stm32f1xx_hal_i2c.c 0x00000000   Number         0  stm32f1xx_hal_i2c.o ABSOLUTE
    ..\Drivers\STM32F1xx_HAL_Driver\Src\stm32f1xx_hal_i2s.c 0x00000000   Number         0  stm32f1xx_hal_i2s.o ABSOLUTE
    ..\Drivers\STM32F1xx_HAL_Driver\Src\stm32f1xx_hal_irda.c 0x00000000   Number         0  stm32f1xx_hal_irda.o ABSOLUTE
    ..\Drivers\STM32F1xx_HAL_Driver\Src\stm32f1xx_hal_iwdg.c 0x00000000   Number         0  stm32f1xx_hal_iwdg.o ABSOLUTE
    ..\Drivers\STM32F1xx_HAL_Driver\Src\stm32f1xx_hal_nand.c 0x00000000   Number         0  stm32f1xx_hal_nand.o ABSOLUTE
    ..\Drivers\STM32F1xx_HAL_Driver\Src\stm32f1xx_hal_nor.c 0x00000000   Number         0  stm32f1xx_hal_nor.o ABSOLUTE
    ..\Drivers\STM32F1xx_HAL_Driver\Src\stm32f1xx_hal_pccard.c 0x00000000   Number         0  stm32f1xx_hal_pccard.o ABSOLUTE
    ..\Drivers\STM32F1xx_HAL_Driver\Src\stm32f1xx_hal_pcd.c 0x00000000   Number         0  stm32f1xx_hal_pcd.o ABSOLUTE
    ..\Drivers\STM32F1xx_HAL_Driver\Src\stm32f1xx_hal_pcd_ex.c 0x00000000   Number         0  stm32f1xx_hal_pcd_ex.o ABSOLUTE
    ..\Drivers\STM32F1xx_HAL_Driver\Src\stm32f1xx_hal_pwr.c 0x00000000   Number         0  stm32f1xx_hal_pwr.o ABSOLUTE
    ..\Drivers\STM32F1xx_HAL_Driver\Src\stm32f1xx_hal_rcc.c 0x00000000   Number         0  stm32f1xx_hal_rcc.o ABSOLUTE
    ..\Drivers\STM32F1xx_HAL_Driver\Src\stm32f1xx_hal_rcc_ex.c 0x00000000   Number         0  stm32f1xx_hal_rcc_ex.o ABSOLUTE
    ..\Drivers\STM32F1xx_HAL_Driver\Src\stm32f1xx_hal_rtc.c 0x00000000   Number         0  stm32f1xx_hal_rtc.o ABSOLUTE
    ..\Drivers\STM32F1xx_HAL_Driver\Src\stm32f1xx_hal_rtc_ex.c 0x00000000   Number         0  stm32f1xx_hal_rtc_ex.o ABSOLUTE
    ..\Drivers\STM32F1xx_HAL_Driver\Src\stm32f1xx_hal_sd.c 0x00000000   Number         0  stm32f1xx_hal_sd.o ABSOLUTE
    ..\Drivers\STM32F1xx_HAL_Driver\Src\stm32f1xx_hal_smartcard.c 0x00000000   Number         0  stm32f1xx_hal_smartcard.o ABSOLUTE
    ..\Drivers\STM32F1xx_HAL_Driver\Src\stm32f1xx_hal_spi.c 0x00000000   Number         0  stm32f1xx_hal_spi.o ABSOLUTE
    ..\Drivers\STM32F1xx_HAL_Driver\Src\stm32f1xx_hal_spi_ex.c 0x00000000   Number         0  stm32f1xx_hal_spi_ex.o ABSOLUTE
    ..\Drivers\STM32F1xx_HAL_Driver\Src\stm32f1xx_hal_sram.c 0x00000000   Number         0  stm32f1xx_hal_sram.o ABSOLUTE
    ..\Drivers\STM32F1xx_HAL_Driver\Src\stm32f1xx_hal_tim.c 0x00000000   Number         0  stm32f1xx_hal_tim.o ABSOLUTE
    ..\Drivers\STM32F1xx_HAL_Driver\Src\stm32f1xx_hal_tim_ex.c 0x00000000   Number         0  stm32f1xx_hal_tim_ex.o ABSOLUTE
    ..\Drivers\STM32F1xx_HAL_Driver\Src\stm32f1xx_hal_uart.c 0x00000000   Number         0  stm32f1xx_hal_uart.o ABSOLUTE
    ..\Drivers\STM32F1xx_HAL_Driver\Src\stm32f1xx_hal_usart.c 0x00000000   Number         0  stm32f1xx_hal_usart.o ABSOLUTE
    ..\Drivers\STM32F1xx_HAL_Driver\Src\stm32f1xx_hal_wwdg.c 0x00000000   Number         0  stm32f1xx_hal_wwdg.o ABSOLUTE
    ..\Drivers\STM32F1xx_HAL_Driver\Src\stm32f1xx_ll_fsmc.c 0x00000000   Number         0  stm32f1xx_ll_fsmc.o ABSOLUTE
    ..\Drivers\STM32F1xx_HAL_Driver\Src\stm32f1xx_ll_sdmmc.c 0x00000000   Number         0  stm32f1xx_ll_sdmmc.o ABSOLUTE
    ..\Drivers\STM32F1xx_HAL_Driver\Src\stm32f1xx_ll_usb.c 0x00000000   Number         0  stm32f1xx_ll_usb.o ABSOLUTE
    ..\Src\bsp\gsm\YS_936.c                  0x00000000   Number         0  ys_936.o ABSOLUTE
    ..\Src\bsp\gsm\bsp_gsm.c                 0x00000000   Number         0  bsp_gsm.o ABSOLUTE
    ..\Src\bsp\key\bsp_key.c                 0x00000000   Number         0  bsp_key.o ABSOLUTE
    ..\Src\bsp\led\bsp_led.c                 0x00000000   Number         0  bsp_led.o ABSOLUTE
    ..\Src\bsp\spiflash\bsp_spiflash.c       0x00000000   Number         0  bsp_spiflash.o ABSOLUTE
    ..\Src\bsp\usart\bsp_debug_usart.c       0x00000000   Number         0  bsp_debug_usart.o ABSOLUTE
    ..\Src\bsp\usart\bsp_usartx.c            0x00000000   Number         0  bsp_usartx.o ABSOLUTE
    ..\Src\main.c                            0x00000000   Number         0  main.o ABSOLUTE
    ..\Src\stm32f1xx_hal_msp.c               0x00000000   Number         0  stm32f1xx_hal_msp.o ABSOLUTE
    ..\Src\stm32f1xx_it.c                    0x00000000   Number         0  stm32f1xx_it.o ABSOLUTE
    ..\\Drivers\\STM32F1xx_HAL_Driver\\Src\\stm32f1xx_hal_adc.c 0x00000000   Number         0  stm32f1xx_hal_adc.o ABSOLUTE
    ..\\Drivers\\STM32F1xx_HAL_Driver\\Src\\stm32f1xx_hal_adc_ex.c 0x00000000   Number         0  stm32f1xx_hal_adc_ex.o ABSOLUTE
    ..\\Drivers\\STM32F1xx_HAL_Driver\\Src\\stm32f1xx_hal_can.c 0x00000000   Number         0  stm32f1xx_hal_can.o ABSOLUTE
    ..\\Drivers\\STM32F1xx_HAL_Driver\\Src\\stm32f1xx_hal_cec.c 0x00000000   Number         0  stm32f1xx_hal_cec.o ABSOLUTE
    ..\\Drivers\\STM32F1xx_HAL_Driver\\Src\\stm32f1xx_hal_crc.c 0x00000000   Number         0  stm32f1xx_hal_crc.o ABSOLUTE
    ..\\Drivers\\STM32F1xx_HAL_Driver\\Src\\stm32f1xx_hal_dac.c 0x00000000   Number         0  stm32f1xx_hal_dac.o ABSOLUTE
    ..\\Drivers\\STM32F1xx_HAL_Driver\\Src\\stm32f1xx_hal_dac_ex.c 0x00000000   Number         0  stm32f1xx_hal_dac_ex.o ABSOLUTE
    ..\\Drivers\\STM32F1xx_HAL_Driver\\Src\\stm32f1xx_hal_eth.c 0x00000000   Number         0  stm32f1xx_hal_eth.o ABSOLUTE
    ..\\Drivers\\STM32F1xx_HAL_Driver\\Src\\stm32f1xx_hal_gpio_ex.c 0x00000000   Number         0  stm32f1xx_hal_gpio_ex.o ABSOLUTE
    ..\\Drivers\\STM32F1xx_HAL_Driver\\Src\\stm32f1xx_hal_hcd.c 0x00000000   Number         0  stm32f1xx_hal_hcd.o ABSOLUTE
    ..\\Drivers\\STM32F1xx_HAL_Driver\\Src\\stm32f1xx_hal_i2c.c 0x00000000   Number         0  stm32f1xx_hal_i2c.o ABSOLUTE
    ..\\Drivers\\STM32F1xx_HAL_Driver\\Src\\stm32f1xx_hal_i2s.c 0x00000000   Number         0  stm32f1xx_hal_i2s.o ABSOLUTE
    ..\\Drivers\\STM32F1xx_HAL_Driver\\Src\\stm32f1xx_hal_irda.c 0x00000000   Number         0  stm32f1xx_hal_irda.o ABSOLUTE
    ..\\Drivers\\STM32F1xx_HAL_Driver\\Src\\stm32f1xx_hal_iwdg.c 0x00000000   Number         0  stm32f1xx_hal_iwdg.o ABSOLUTE
    ..\\Drivers\\STM32F1xx_HAL_Driver\\Src\\stm32f1xx_hal_nand.c 0x00000000   Number         0  stm32f1xx_hal_nand.o ABSOLUTE
    ..\\Drivers\\STM32F1xx_HAL_Driver\\Src\\stm32f1xx_hal_nor.c 0x00000000   Number         0  stm32f1xx_hal_nor.o ABSOLUTE
    ..\\Drivers\\STM32F1xx_HAL_Driver\\Src\\stm32f1xx_hal_pccard.c 0x00000000   Number         0  stm32f1xx_hal_pccard.o ABSOLUTE
    ..\\Drivers\\STM32F1xx_HAL_Driver\\Src\\stm32f1xx_hal_pcd.c 0x00000000   Number         0  stm32f1xx_hal_pcd.o ABSOLUTE
    ..\\Drivers\\STM32F1xx_HAL_Driver\\Src\\stm32f1xx_hal_pcd_ex.c 0x00000000   Number         0  stm32f1xx_hal_pcd_ex.o ABSOLUTE
    ..\\Drivers\\STM32F1xx_HAL_Driver\\Src\\stm32f1xx_hal_rtc.c 0x00000000   Number         0  stm32f1xx_hal_rtc.o ABSOLUTE
    ..\\Drivers\\STM32F1xx_HAL_Driver\\Src\\stm32f1xx_hal_rtc_ex.c 0x00000000   Number         0  stm32f1xx_hal_rtc_ex.o ABSOLUTE
    ..\\Drivers\\STM32F1xx_HAL_Driver\\Src\\stm32f1xx_hal_sd.c 0x00000000   Number         0  stm32f1xx_hal_sd.o ABSOLUTE
    ..\\Drivers\\STM32F1xx_HAL_Driver\\Src\\stm32f1xx_hal_smartcard.c 0x00000000   Number         0  stm32f1xx_hal_smartcard.o ABSOLUTE
    ..\\Drivers\\STM32F1xx_HAL_Driver\\Src\\stm32f1xx_hal_spi.c 0x00000000   Number         0  stm32f1xx_hal_spi.o ABSOLUTE
    ..\\Drivers\\STM32F1xx_HAL_Driver\\Src\\stm32f1xx_hal_spi_ex.c 0x00000000   Number         0  stm32f1xx_hal_spi_ex.o ABSOLUTE
    ..\\Drivers\\STM32F1xx_HAL_Driver\\Src\\stm32f1xx_hal_sram.c 0x00000000   Number         0  stm32f1xx_hal_sram.o ABSOLUTE
    ..\\Drivers\\STM32F1xx_HAL_Driver\\Src\\stm32f1xx_hal_uart.c 0x00000000   Number         0  stm32f1xx_hal_uart.o ABSOLUTE
    ..\\Drivers\\STM32F1xx_HAL_Driver\\Src\\stm32f1xx_hal_usart.c 0x00000000   Number         0  stm32f1xx_hal_usart.o ABSOLUTE
    ..\\Drivers\\STM32F1xx_HAL_Driver\\Src\\stm32f1xx_hal_wwdg.c 0x00000000   Number         0  stm32f1xx_hal_wwdg.o ABSOLUTE
    ..\\Drivers\\STM32F1xx_HAL_Driver\\Src\\stm32f1xx_ll_fsmc.c 0x00000000   Number         0  stm32f1xx_ll_fsmc.o ABSOLUTE
    ..\\Drivers\\STM32F1xx_HAL_Driver\\Src\\stm32f1xx_ll_sdmmc.c 0x00000000   Number         0  stm32f1xx_ll_sdmmc.o ABSOLUTE
    ..\\Drivers\\STM32F1xx_HAL_Driver\\Src\\stm32f1xx_ll_usb.c 0x00000000   Number         0  stm32f1xx_ll_usb.o ABSOLUTE
    ..\\Src\\bsp\\gsm\\YS_936.c              0x00000000   Number         0  ys_936.o ABSOLUTE
    ..\\Src\\bsp\\gsm\\bsp_gsm.c             0x00000000   Number         0  bsp_gsm.o ABSOLUTE
    ..\\Src\\bsp\\key\\bsp_key.c             0x00000000   Number         0  bsp_key.o ABSOLUTE
    ..\\Src\\bsp\\led\\bsp_led.c             0x00000000   Number         0  bsp_led.o ABSOLUTE
    ..\\Src\\bsp\\spiflash\\bsp_spiflash.c   0x00000000   Number         0  bsp_spiflash.o ABSOLUTE
    ..\\Src\\bsp\\usart\\bsp_debug_usart.c   0x00000000   Number         0  bsp_debug_usart.o ABSOLUTE
    ..\\Src\\bsp\\usart\\bsp_usartx.c        0x00000000   Number         0  bsp_usartx.o ABSOLUTE
    cdcmple.s                                0x00000000   Number         0  cdcmple.o ABSOLUTE
    cdrcmple.s                               0x00000000   Number         0  cdrcmple.o ABSOLUTE
    dc.s                                     0x00000000   Number         0  dc.o ABSOLUTE
    handlers.s                               0x00000000   Number         0  handlers.o ABSOLUTE
    init.s                                   0x00000000   Number         0  init.o ABSOLUTE
    startup_stm32f103xb.s                    0x00000000   Number         0  startup_stm32f103xb.o ABSOLUTE
    RESET                                    0x08000000   Section      236  startup_stm32f103xb.o(RESET)
    .ARM.Collect$$$$00000000                 0x080000ec   Section        0  entry.o(.ARM.Collect$$$$00000000)
    .ARM.Collect$$$$00000001                 0x080000ec   Section        4  entry2.o(.ARM.Collect$$$$00000001)
    .ARM.Collect$$$$00000004                 0x080000f0   Section        4  entry5.o(.ARM.Collect$$$$00000004)
    .ARM.Collect$$$$00000008                 0x080000f4   Section        0  entry7b.o(.ARM.Collect$$$$00000008)
    .ARM.Collect$$$$0000000A                 0x080000f4   Section        0  entry8b.o(.ARM.Collect$$$$0000000A)
    .ARM.Collect$$$$0000000B                 0x080000f4   Section        8  entry9a.o(.ARM.Collect$$$$0000000B)
    .ARM.Collect$$$$0000000D                 0x080000fc   Section        0  entry10a.o(.ARM.Collect$$$$0000000D)
    .ARM.Collect$$$$0000000F                 0x080000fc   Section        0  entry11a.o(.ARM.Collect$$$$0000000F)
    .ARM.Collect$$$$00002712                 0x080000fc   Section        4  entry2.o(.ARM.Collect$$$$00002712)
    __lit__00000000                          0x080000fc   Data           4  entry2.o(.ARM.Collect$$$$00002712)
    .text                                    0x08000100   Section       36  startup_stm32f103xb.o(.text)
    .text                                    0x08000124   Section        0  llushr.o(.text)
    .text                                    0x08000144   Section        0  memseta.o(.text)
    .text                                    0x08000168   Section        0  strstr.o(.text)
    .text                                    0x0800018c   Section       48  cdrcmple.o(.text)
    .text                                    0x080001bc   Section        0  uidiv.o(.text)
    .text                                    0x080001e8   Section        0  uldiv.o(.text)
    .text                                    0x0800024a   Section        0  depilogue.o(.text)
    .text                                    0x0800024a   Section        0  iusefp.o(.text)
    .text                                    0x08000304   Section        0  dadd.o(.text)
    .text                                    0x08000452   Section        0  dmul.o(.text)
    .text                                    0x08000536   Section        0  ddiv.o(.text)
    .text                                    0x08000614   Section        0  dfixul.o(.text)
    .text                                    0x08000644   Section       36  init.o(.text)
    .text                                    0x08000668   Section        0  llshl.o(.text)
    .text                                    0x08000686   Section        0  llsshr.o(.text)
    i.BusFault_Handler                       0x080006aa   Section        0  stm32f1xx_it.o(i.BusFault_Handler)
    i.DebugMon_Handler                       0x080006ac   Section        0  stm32f1xx_it.o(i.DebugMon_Handler)
    i.GSM_GPIO_Init                          0x080006b0   Section        0  bsp_usartx.o(i.GSM_GPIO_Init)
    i.GSM_USART_printf                       0x080006fc   Section        0  bsp_usartx.o(i.GSM_USART_printf)
    i.GSM_USARTx_Init                        0x080007f8   Section        0  bsp_usartx.o(i.GSM_USARTx_Init)
    i.GSM_cmd                                0x08000850   Section        0  bsp_gsm.o(i.GSM_cmd)
    i.GSM_cmd_check                          0x08000884   Section        0  bsp_gsm.o(i.GSM_cmd_check)
    i.GSM_init                               0x080008c4   Section        0  bsp_gsm.o(i.GSM_init)
    i.HAL_Delay                              0x08000958   Section        0  stm32f1xx_hal.o(i.HAL_Delay)
    i.HAL_GPIO_Init                          0x08000970   Section        0  stm32f1xx_hal_gpio.o(i.HAL_GPIO_Init)
    i.HAL_GPIO_WritePin                      0x08000b2c   Section        0  stm32f1xx_hal_gpio.o(i.HAL_GPIO_WritePin)
    i.HAL_GetTick                            0x08000b38   Section        0  stm32f1xx_hal.o(i.HAL_GetTick)
    i.HAL_IncTick                            0x08000b44   Section        0  stm32f1xx_hal.o(i.HAL_IncTick)
    i.HAL_Init                               0x08000b54   Section        0  stm32f1xx_hal.o(i.HAL_Init)
    i.HAL_InitTick                           0x08000b78   Section        0  stm32f1xx_hal.o(i.HAL_InitTick)
    i.HAL_MspInit                            0x08000b9c   Section        0  stm32f1xx_hal_msp.o(i.HAL_MspInit)
    i.HAL_NVIC_EnableIRQ                     0x08000bf8   Section        0  stm32f1xx_hal_cortex.o(i.HAL_NVIC_EnableIRQ)
    i.HAL_NVIC_SetPriority                   0x08000c10   Section        0  stm32f1xx_hal_cortex.o(i.HAL_NVIC_SetPriority)
    i.HAL_NVIC_SetPriorityGrouping           0x08000c50   Section        0  stm32f1xx_hal_cortex.o(i.HAL_NVIC_SetPriorityGrouping)
    i.HAL_RCC_ClockConfig                    0x08000c74   Section        0  stm32f1xx_hal_rcc.o(i.HAL_RCC_ClockConfig)
    i.HAL_RCC_GetHCLKFreq                    0x08000efc   Section        0  stm32f1xx_hal_rcc.o(i.HAL_RCC_GetHCLKFreq)
    i.HAL_RCC_GetPCLK1Freq                   0x08000f30   Section        0  stm32f1xx_hal_rcc.o(i.HAL_RCC_GetPCLK1Freq)
    i.HAL_RCC_GetPCLK2Freq                   0x08000f5c   Section        0  stm32f1xx_hal_rcc.o(i.HAL_RCC_GetPCLK2Freq)
    i.HAL_RCC_GetSysClockFreq                0x08000f88   Section        0  stm32f1xx_hal_rcc.o(i.HAL_RCC_GetSysClockFreq)
    i.HAL_RCC_OscConfig                      0x08001010   Section        0  stm32f1xx_hal_rcc.o(i.HAL_RCC_OscConfig)
    i.HAL_SPI_Init                           0x08001644   Section        0  stm32f1xx_hal_spi_ex.o(i.HAL_SPI_Init)
    i.HAL_SPI_MspInit                        0x080016cc   Section        0  bsp_spiflash.o(i.HAL_SPI_MspInit)
    i.HAL_SYSTICK_CLKSourceConfig            0x0800175c   Section        0  stm32f1xx_hal_cortex.o(i.HAL_SYSTICK_CLKSourceConfig)
    i.HAL_SYSTICK_Callback                   0x08001774   Section        0  stm32f1xx_hal_cortex.o(i.HAL_SYSTICK_Callback)
    i.HAL_SYSTICK_Config                     0x08001776   Section        0  stm32f1xx_hal_cortex.o(i.HAL_SYSTICK_Config)
    i.HAL_SYSTICK_IRQHandler                 0x0800179e   Section        0  stm32f1xx_hal_cortex.o(i.HAL_SYSTICK_IRQHandler)
    i.HAL_UART_ErrorCallback                 0x080017a6   Section        0  stm32f1xx_hal_uart.o(i.HAL_UART_ErrorCallback)
    i.HAL_UART_IRQHandler                    0x080017a8   Section        0  stm32f1xx_hal_uart.o(i.HAL_UART_IRQHandler)
    i.HAL_UART_Init                          0x08001882   Section        0  stm32f1xx_hal_uart.o(i.HAL_UART_Init)
    i.HAL_UART_MspInit                       0x080018e0   Section        0  bsp_debug_usart.o(i.HAL_UART_MspInit)
    i.HAL_UART_Receive_IT                    0x08001938   Section        0  stm32f1xx_hal_uart.o(i.HAL_UART_Receive_IT)
    i.HAL_UART_RxCpltCallback                0x080019a4   Section        0  bsp_usartx.o(i.HAL_UART_RxCpltCallback)
    i.HAL_UART_Transmit                      0x080019d8   Section        0  stm32f1xx_hal_uart.o(i.HAL_UART_Transmit)
    i.HAL_UART_TxCpltCallback                0x08001aa4   Section        0  stm32f1xx_hal_uart.o(i.HAL_UART_TxCpltCallback)
    i.HardFault_Handler                      0x08001aa6   Section        0  stm32f1xx_it.o(i.HardFault_Handler)
    i.IsReceiveMS                            0x08001aa8   Section        0  bsp_gsm.o(i.IsReceiveMS)
    i.KEY_GPIO_Init                          0x08001b30   Section        0  bsp_key.o(i.KEY_GPIO_Init)
    i.LED_GPIO_Init                          0x08001ba4   Section        0  bsp_led.o(i.LED_GPIO_Init)
    i.MX_DEBUG_USART_Init                    0x08001c0c   Section        0  bsp_debug_usart.o(i.MX_DEBUG_USART_Init)
    i.MX_SPIFlash_Init                       0x08001c58   Section        0  bsp_spiflash.o(i.MX_SPIFlash_Init)
    i.MemManage_Handler                      0x08001c90   Section        0  stm32f1xx_it.o(i.MemManage_Handler)
    i.NMI_Handler                            0x08001c92   Section        0  stm32f1xx_it.o(i.NMI_Handler)
    i.NVIC_SetPriority                       0x08001c94   Section        0  stm32f1xx_hal_cortex.o(i.NVIC_SetPriority)
    NVIC_SetPriority                         0x08001c95   Thumb Code    32  stm32f1xx_hal_cortex.o(i.NVIC_SetPriority)
    i.SysTick_Handler                        0x08001cb4   Section        0  stm32f1xx_it.o(i.SysTick_Handler)
    i.SystemClock_Config                     0x08001cc2   Section        0  main.o(i.SystemClock_Config)
    i.SystemInit                             0x08001d20   Section        0  system_stm32f1xx.o(i.SystemInit)
    i.UART_Receive_IT                        0x08001d68   Section        0  stm32f1xx_hal_uart.o(i.UART_Receive_IT)
    UART_Receive_IT                          0x08001d69   Thumb Code   168  stm32f1xx_hal_uart.o(i.UART_Receive_IT)
    i.UART_SetConfig                         0x08001e10   Section        0  stm32f1xx_hal_uart.o(i.UART_SetConfig)
    UART_SetConfig                           0x08001e11   Thumb Code   220  stm32f1xx_hal_uart.o(i.UART_SetConfig)
    i.UART_Transmit_IT                       0x08001ef0   Section        0  stm32f1xx_hal_uart.o(i.UART_Transmit_IT)
    UART_Transmit_IT                         0x08001ef1   Thumb Code   102  stm32f1xx_hal_uart.o(i.UART_Transmit_IT)
    i.UART_WaitOnFlagUntilTimeout            0x08001f56   Section        0  stm32f1xx_hal_uart.o(i.UART_WaitOnFlagUntilTimeout)
    UART_WaitOnFlagUntilTimeout              0x08001f57   Thumb Code   146  stm32f1xx_hal_uart.o(i.UART_WaitOnFlagUntilTimeout)
    i.USART3_IRQHandler                      0x08001fe8   Section        0  stm32f1xx_it.o(i.USART3_IRQHandler)
    i.UsageFault_Handler                     0x08001ff4   Section        0  stm32f1xx_it.o(i.UsageFault_Handler)
    i.Usart_SendByte                         0x08001ff8   Section        0  bsp_usartx.o(i.Usart_SendByte)
    i.__0printf                              0x0800201c   Section        0  printfa.o(i.__0printf)
    i.__0sprintf                             0x0800203c   Section        0  printfa.o(i.__0sprintf)
    i.__scatterload_copy                     0x08002064   Section       14  handlers.o(i.__scatterload_copy)
    i.__scatterload_null                     0x08002072   Section        2  handlers.o(i.__scatterload_null)
    i.__scatterload_zeroinit                 0x08002074   Section       14  handlers.o(i.__scatterload_zeroinit)
    i._fp_digits                             0x08002084   Section        0  printfa.o(i._fp_digits)
    _fp_digits                               0x08002085   Thumb Code   366  printfa.o(i._fp_digits)
    i._printf_core                           0x08002208   Section        0  printfa.o(i._printf_core)
    _printf_core                             0x08002209   Thumb Code  1744  printfa.o(i._printf_core)
    i._printf_post_padding                   0x080028e4   Section        0  printfa.o(i._printf_post_padding)
    _printf_post_padding                     0x080028e5   Thumb Code    36  printfa.o(i._printf_post_padding)
    i._printf_pre_padding                    0x08002908   Section        0  printfa.o(i._printf_pre_padding)
    _printf_pre_padding                      0x08002909   Thumb Code    46  printfa.o(i._printf_pre_padding)
    i._sputc                                 0x08002936   Section        0  printfa.o(i._sputc)
    _sputc                                   0x08002937   Thumb Code    10  printfa.o(i._sputc)
    i.clean_rebuff                           0x08002940   Section        0  bsp_usartx.o(i.clean_rebuff)
    i.fputc                                  0x08002960   Section        0  bsp_debug_usart.o(i.fputc)
    i.get_rebuff                             0x08002978   Section        0  bsp_usartx.o(i.get_rebuff)
    i.main                                   0x0800298c   Section        0  main.o(i.main)
    i.msgInit                                0x08002ae8   Section        0  main.o(i.msgInit)
    i.readmessage                            0x08002b54   Section        0  bsp_gsm.o(i.readmessage)
    .constdata                               0x08002c78   Section       16  stm32f1xx_hal_rcc.o(.constdata)
    .data                                    0x20000000   Section        4  system_stm32f1xx.o(.data)
    .data                                    0x20000004   Section        4  stm32f1xx_hal.o(.data)
    uwTick                                   0x20000004   Data           4  stm32f1xx_hal.o(.data)
    .data                                    0x20000008   Section        1  stm32f1xx_hal_spi_ex.o(.data)
    .data                                    0x2000000a   Section        2  bsp_usartx.o(.data)
    .data                                    0x2000000c   Section        4  bsp_gsm.o(.data)
    MaxMessAdd                               0x2000000c   Data           1  bsp_gsm.o(.data)
    timecount                                0x2000000d   Data           1  bsp_gsm.o(.data)
    timestop                                 0x2000000e   Data           1  bsp_gsm.o(.data)
    .data                                    0x20000010   Section        4  stdout.o(.data)
    .bss                                     0x20000014   Section       64  bsp_debug_usart.o(.bss)
    .bss                                     0x20000054   Section       88  bsp_spiflash.o(.bss)
    .bss                                     0x200000ac   Section      319  bsp_usartx.o(.bss)
    STACK                                    0x200001f0   Section     4096  startup_stm32f103xb.o(STACK)

    Global Symbols

    Symbol Name                              Value     Ov Type        Size  Object(Section)

    BuildAttributes$$THM_ISAv4$P$D$K$B$S$PE$A:L22UL41UL21$X:L11$S22US41US21$IEEE1$IW$USESV6$~STKCKD$USESV7$~SHL$OTIME$ROPI$IEEEJ$EBA8$MICROLIB$REQ8$PRES8$EABIv2 0x00000000   Number         0  anon$$obj.o ABSOLUTE
    __ARM_use_no_argv                        0x00000000   Number         0  main.o ABSOLUTE
    _printf_a                                0x00000000   Number         0  stubs.o ABSOLUTE
    _printf_c                                0x00000000   Number         0  stubs.o ABSOLUTE
    _printf_charcount                        0x00000000   Number         0  stubs.o ABSOLUTE
    _printf_d                                0x00000000   Number         0  stubs.o ABSOLUTE
    _printf_e                                0x00000000   Number         0  stubs.o ABSOLUTE
    _printf_f                                0x00000000   Number         0  stubs.o ABSOLUTE
    _printf_flags                            0x00000000   Number         0  stubs.o ABSOLUTE
    _printf_fp_dec                           0x00000000   Number         0  stubs.o ABSOLUTE
    _printf_fp_hex                           0x00000000   Number         0  stubs.o ABSOLUTE
    _printf_g                                0x00000000   Number         0  stubs.o ABSOLUTE
    _printf_i                                0x00000000   Number         0  stubs.o ABSOLUTE
    _printf_int_dec                          0x00000000   Number         0  stubs.o ABSOLUTE
    _printf_l                                0x00000000   Number         0  stubs.o ABSOLUTE
    _printf_lc                               0x00000000   Number         0  stubs.o ABSOLUTE
    _printf_ll                               0x00000000   Number         0  stubs.o ABSOLUTE
    _printf_lld                              0x00000000   Number         0  stubs.o ABSOLUTE
    _printf_lli                              0x00000000   Number         0  stubs.o ABSOLUTE
    _printf_llo                              0x00000000   Number         0  stubs.o ABSOLUTE
    _printf_llu                              0x00000000   Number         0  stubs.o ABSOLUTE
    _printf_llx                              0x00000000   Number         0  stubs.o ABSOLUTE
    _printf_longlong_dec                     0x00000000   Number         0  stubs.o ABSOLUTE
    _printf_longlong_hex                     0x00000000   Number         0  stubs.o ABSOLUTE
    _printf_longlong_oct                     0x00000000   Number         0  stubs.o ABSOLUTE
    _printf_ls                               0x00000000   Number         0  stubs.o ABSOLUTE
    _printf_mbtowc                           0x00000000   Number         0  stubs.o ABSOLUTE
    _printf_n                                0x00000000   Number         0  stubs.o ABSOLUTE
    _printf_o                                0x00000000   Number         0  stubs.o ABSOLUTE
    _printf_p                                0x00000000   Number         0  stubs.o ABSOLUTE
    _printf_percent                          0x00000000   Number         0  stubs.o ABSOLUTE
    _printf_pre_padding                      0x00000000   Number         0  stubs.o ABSOLUTE
    _printf_return_value                     0x00000000   Number         0  stubs.o ABSOLUTE
    _printf_s                                0x00000000   Number         0  stubs.o ABSOLUTE
    _printf_sizespec                         0x00000000   Number         0  stubs.o ABSOLUTE
    _printf_str                              0x00000000   Number         0  stubs.o ABSOLUTE
    _printf_truncate_signed                  0x00000000   Number         0  stubs.o ABSOLUTE
    _printf_truncate_unsigned                0x00000000   Number         0  stubs.o ABSOLUTE
    _printf_u                                0x00000000   Number         0  stubs.o ABSOLUTE
    _printf_wc                               0x00000000   Number         0  stubs.o ABSOLUTE
    _printf_wctomb                           0x00000000   Number         0  stubs.o ABSOLUTE
    _printf_widthprec                        0x00000000   Number         0  stubs.o ABSOLUTE
    _printf_x                                0x00000000   Number         0  stubs.o ABSOLUTE
    __cpp_initialize__aeabi_                  - Undefined Weak Reference
    __cxa_finalize                            - Undefined Weak Reference
    __decompress                              - Undefined Weak Reference
    _clock_init                               - Undefined Weak Reference
    _microlib_exit                            - Undefined Weak Reference
    _scanf_int                                - Undefined Weak Reference
    _scanf_longlong                           - Undefined Weak Reference
    _scanf_string                             - Undefined Weak Reference
    __Vectors_Size                           0x000000ec   Number         0  startup_stm32f103xb.o ABSOLUTE
    __Vectors                                0x08000000   Data           4  startup_stm32f103xb.o(RESET)
    __Vectors_End                            0x080000ec   Data           0  startup_stm32f103xb.o(RESET)
    __main                                   0x080000ed   Thumb Code     0  entry.o(.ARM.Collect$$$$00000000)
    _main_stk                                0x080000ed   Thumb Code     0  entry2.o(.ARM.Collect$$$$00000001)
    _main_scatterload                        0x080000f1   Thumb Code     0  entry5.o(.ARM.Collect$$$$00000004)
    __main_after_scatterload                 0x080000f5   Thumb Code     0  entry5.o(.ARM.Collect$$$$00000004)
    _main_clock                              0x080000f5   Thumb Code     0  entry7b.o(.ARM.Collect$$$$00000008)
    _main_cpp_init                           0x080000f5   Thumb Code     0  entry8b.o(.ARM.Collect$$$$0000000A)
    _main_init                               0x080000f5   Thumb Code     0  entry9a.o(.ARM.Collect$$$$0000000B)
    __rt_final_cpp                           0x080000fd   Thumb Code     0  entry10a.o(.ARM.Collect$$$$0000000D)
    __rt_final_exit                          0x080000fd   Thumb Code     0  entry11a.o(.ARM.Collect$$$$0000000F)
    Reset_Handler                            0x08000101   Thumb Code     8  startup_stm32f103xb.o(.text)
    SVC_Handler                              0x08000113   Thumb Code     2  startup_stm32f103xb.o(.text)
    PendSV_Handler                           0x08000117   Thumb Code     2  startup_stm32f103xb.o(.text)
    ADC1_2_IRQHandler                        0x0800011b   Thumb Code     0  startup_stm32f103xb.o(.text)
    CAN1_RX1_IRQHandler                      0x0800011b   Thumb Code     0  startup_stm32f103xb.o(.text)
    CAN1_SCE_IRQHandler                      0x0800011b   Thumb Code     0  startup_stm32f103xb.o(.text)
    DMA1_Channel1_IRQHandler                 0x0800011b   Thumb Code     0  startup_stm32f103xb.o(.text)
    DMA1_Channel2_IRQHandler                 0x0800011b   Thumb Code     0  startup_stm32f103xb.o(.text)
    DMA1_Channel3_IRQHandler                 0x0800011b   Thumb Code     0  startup_stm32f103xb.o(.text)
    DMA1_Channel4_IRQHandler                 0x0800011b   Thumb Code     0  startup_stm32f103xb.o(.text)
    DMA1_Channel5_IRQHandler                 0x0800011b   Thumb Code     0  startup_stm32f103xb.o(.text)
    DMA1_Channel6_IRQHandler                 0x0800011b   Thumb Code     0  startup_stm32f103xb.o(.text)
    DMA1_Channel7_IRQHandler                 0x0800011b   Thumb Code     0  startup_stm32f103xb.o(.text)
    EXTI0_IRQHandler                         0x0800011b   Thumb Code     0  startup_stm32f103xb.o(.text)
    EXTI15_10_IRQHandler                     0x0800011b   Thumb Code     0  startup_stm32f103xb.o(.text)
    EXTI1_IRQHandler                         0x0800011b   Thumb Code     0  startup_stm32f103xb.o(.text)
    EXTI2_IRQHandler                         0x0800011b   Thumb Code     0  startup_stm32f103xb.o(.text)
    EXTI3_IRQHandler                         0x0800011b   Thumb Code     0  startup_stm32f103xb.o(.text)
    EXTI4_IRQHandler                         0x0800011b   Thumb Code     0  startup_stm32f103xb.o(.text)
    EXTI9_5_IRQHandler                       0x0800011b   Thumb Code     0  startup_stm32f103xb.o(.text)
    FLASH_IRQHandler                         0x0800011b   Thumb Code     0  startup_stm32f103xb.o(.text)
    I2C1_ER_IRQHandler                       0x0800011b   Thumb Code     0  startup_stm32f103xb.o(.text)
    I2C1_EV_IRQHandler                       0x0800011b   Thumb Code     0  startup_stm32f103xb.o(.text)
    I2C2_ER_IRQHandler                       0x0800011b   Thumb Code     0  startup_stm32f103xb.o(.text)
    I2C2_EV_IRQHandler                       0x0800011b   Thumb Code     0  startup_stm32f103xb.o(.text)
    PVD_IRQHandler                           0x0800011b   Thumb Code     0  startup_stm32f103xb.o(.text)
    RCC_IRQHandler                           0x0800011b   Thumb Code     0  startup_stm32f103xb.o(.text)
    RTC_Alarm_IRQHandler                     0x0800011b   Thumb Code     0  startup_stm32f103xb.o(.text)
    RTC_IRQHandler                           0x0800011b   Thumb Code     0  startup_stm32f103xb.o(.text)
    SPI1_IRQHandler                          0x0800011b   Thumb Code     0  startup_stm32f103xb.o(.text)
    SPI2_IRQHandler                          0x0800011b   Thumb Code     0  startup_stm32f103xb.o(.text)
    TAMPER_IRQHandler                        0x0800011b   Thumb Code     0  startup_stm32f103xb.o(.text)
    TIM1_BRK_IRQHandler                      0x0800011b   Thumb Code     0  startup_stm32f103xb.o(.text)
    TIM1_CC_IRQHandler                       0x0800011b   Thumb Code     0  startup_stm32f103xb.o(.text)
    TIM1_TRG_COM_IRQHandler                  0x0800011b   Thumb Code     0  startup_stm32f103xb.o(.text)
    TIM1_UP_IRQHandler                       0x0800011b   Thumb Code     0  startup_stm32f103xb.o(.text)
    TIM2_IRQHandler                          0x0800011b   Thumb Code     0  startup_stm32f103xb.o(.text)
    TIM3_IRQHandler                          0x0800011b   Thumb Code     0  startup_stm32f103xb.o(.text)
    TIM4_IRQHandler                          0x0800011b   Thumb Code     0  startup_stm32f103xb.o(.text)
    USART1_IRQHandler                        0x0800011b   Thumb Code     0  startup_stm32f103xb.o(.text)
    USART2_IRQHandler                        0x0800011b   Thumb Code     0  startup_stm32f103xb.o(.text)
    USBWakeUp_IRQHandler                     0x0800011b   Thumb Code     0  startup_stm32f103xb.o(.text)
    USB_HP_CAN1_TX_IRQHandler                0x0800011b   Thumb Code     0  startup_stm32f103xb.o(.text)
    USB_LP_CAN1_RX0_IRQHandler               0x0800011b   Thumb Code     0  startup_stm32f103xb.o(.text)
    WWDG_IRQHandler                          0x0800011b   Thumb Code     0  startup_stm32f103xb.o(.text)
    __aeabi_llsr                             0x08000125   Thumb Code    32  llushr.o(.text)
    _ll_ushift_r                             0x08000125   Thumb Code     0  llushr.o(.text)
    __aeabi_memset                           0x08000145   Thumb Code    14  memseta.o(.text)
    __aeabi_memset4                          0x08000145   Thumb Code     0  memseta.o(.text)
    __aeabi_memset8                          0x08000145   Thumb Code     0  memseta.o(.text)
    __aeabi_memclr                           0x08000153   Thumb Code     4  memseta.o(.text)
    __aeabi_memclr4                          0x08000153   Thumb Code     0  memseta.o(.text)
    __aeabi_memclr8                          0x08000153   Thumb Code     0  memseta.o(.text)
    _memset$wrapper                          0x08000157   Thumb Code    18  memseta.o(.text)
    strstr                                   0x08000169   Thumb Code    36  strstr.o(.text)
    __aeabi_cdrcmple                         0x0800018d   Thumb Code    48  cdrcmple.o(.text)
    __aeabi_uidiv                            0x080001bd   Thumb Code     0  uidiv.o(.text)
    __aeabi_uidivmod                         0x080001bd   Thumb Code    44  uidiv.o(.text)
    __aeabi_uldivmod                         0x080001e9   Thumb Code    98  uldiv.o(.text)
    __I$use$fp                               0x0800024b   Thumb Code     0  iusefp.o(.text)
    _double_round                            0x0800024b   Thumb Code    30  depilogue.o(.text)
    _double_epilogue                         0x08000269   Thumb Code   156  depilogue.o(.text)
    __aeabi_dadd                             0x08000305   Thumb Code   322  dadd.o(.text)
    __aeabi_dsub                             0x08000447   Thumb Code     6  dadd.o(.text)
    __aeabi_drsub                            0x0800044d   Thumb Code     6  dadd.o(.text)
    __aeabi_dmul                             0x08000453   Thumb Code   228  dmul.o(.text)
    __aeabi_ddiv                             0x08000537   Thumb Code   222  ddiv.o(.text)
    __aeabi_d2ulz                            0x08000615   Thumb Code    48  dfixul.o(.text)
    __scatterload                            0x08000645   Thumb Code    28  init.o(.text)
    __scatterload_rt2                        0x08000645   Thumb Code     0  init.o(.text)
    __aeabi_llsl                             0x08000669   Thumb Code    30  llshl.o(.text)
    _ll_shift_l                              0x08000669   Thumb Code     0  llshl.o(.text)
    __aeabi_lasr                             0x08000687   Thumb Code    36  llsshr.o(.text)
    _ll_sshift_r                             0x08000687   Thumb Code     0  llsshr.o(.text)
    BusFault_Handler                         0x080006ab   Thumb Code     2  stm32f1xx_it.o(i.BusFault_Handler)
    DebugMon_Handler                         0x080006ad   Thumb Code     2  stm32f1xx_it.o(i.DebugMon_Handler)
    GSM_GPIO_Init                            0x080006b1   Thumb Code    68  bsp_usartx.o(i.GSM_GPIO_Init)
    GSM_USART_printf                         0x080006fd   Thumb Code   246  bsp_usartx.o(i.GSM_USART_printf)
    GSM_USARTx_Init                          0x080007f9   Thumb Code    76  bsp_usartx.o(i.GSM_USARTx_Init)
    GSM_cmd                                  0x08000851   Thumb Code    44  bsp_gsm.o(i.GSM_cmd)
    GSM_cmd_check                            0x08000885   Thumb Code    62  bsp_gsm.o(i.GSM_cmd_check)
    GSM_init                                 0x080008c5   Thumb Code    90  bsp_gsm.o(i.GSM_init)
    HAL_Delay                                0x08000959   Thumb Code    22  stm32f1xx_hal.o(i.HAL_Delay)
    HAL_GPIO_Init                            0x08000971   Thumb Code   408  stm32f1xx_hal_gpio.o(i.HAL_GPIO_Init)
    HAL_GPIO_WritePin                        0x08000b2d   Thumb Code    10  stm32f1xx_hal_gpio.o(i.HAL_GPIO_WritePin)
    HAL_GetTick                              0x08000b39   Thumb Code     6  stm32f1xx_hal.o(i.HAL_GetTick)
    HAL_IncTick                              0x08000b45   Thumb Code    10  stm32f1xx_hal.o(i.HAL_IncTick)
    HAL_Init                                 0x08000b55   Thumb Code    32  stm32f1xx_hal.o(i.HAL_Init)
    HAL_InitTick                             0x08000b79   Thumb Code    34  stm32f1xx_hal.o(i.HAL_InitTick)
    HAL_MspInit                              0x08000b9d   Thumb Code    86  stm32f1xx_hal_msp.o(i.HAL_MspInit)
    HAL_NVIC_EnableIRQ                       0x08000bf9   Thumb Code    22  stm32f1xx_hal_cortex.o(i.HAL_NVIC_EnableIRQ)
    HAL_NVIC_SetPriority                     0x08000c11   Thumb Code    60  stm32f1xx_hal_cortex.o(i.HAL_NVIC_SetPriority)
    HAL_NVIC_SetPriorityGrouping             0x08000c51   Thumb Code    26  stm32f1xx_hal_cortex.o(i.HAL_NVIC_SetPriorityGrouping)
    HAL_RCC_ClockConfig                      0x08000c75   Thumb Code   638  stm32f1xx_hal_rcc.o(i.HAL_RCC_ClockConfig)
    HAL_RCC_GetHCLKFreq                      0x08000efd   Thumb Code    38  stm32f1xx_hal_rcc.o(i.HAL_RCC_GetHCLKFreq)
    HAL_RCC_GetPCLK1Freq                     0x08000f31   Thumb Code    36  stm32f1xx_hal_rcc.o(i.HAL_RCC_GetPCLK1Freq)
    HAL_RCC_GetPCLK2Freq                     0x08000f5d   Thumb Code    36  stm32f1xx_hal_rcc.o(i.HAL_RCC_GetPCLK2Freq)
    HAL_RCC_GetSysClockFreq                  0x08000f89   Thumb Code   102  stm32f1xx_hal_rcc.o(i.HAL_RCC_GetSysClockFreq)
    HAL_RCC_OscConfig                        0x08001011   Thumb Code  1586  stm32f1xx_hal_rcc.o(i.HAL_RCC_OscConfig)
    HAL_SPI_Init                             0x08001645   Thumb Code   132  stm32f1xx_hal_spi_ex.o(i.HAL_SPI_Init)
    HAL_SPI_MspInit                          0x080016cd   Thumb Code   132  bsp_spiflash.o(i.HAL_SPI_MspInit)
    HAL_SYSTICK_CLKSourceConfig              0x0800175d   Thumb Code    24  stm32f1xx_hal_cortex.o(i.HAL_SYSTICK_CLKSourceConfig)
    HAL_SYSTICK_Callback                     0x08001775   Thumb Code     2  stm32f1xx_hal_cortex.o(i.HAL_SYSTICK_Callback)
    HAL_SYSTICK_Config                       0x08001777   Thumb Code    40  stm32f1xx_hal_cortex.o(i.HAL_SYSTICK_Config)
    HAL_SYSTICK_IRQHandler                   0x0800179f   Thumb Code     8  stm32f1xx_hal_cortex.o(i.HAL_SYSTICK_IRQHandler)
    HAL_UART_ErrorCallback                   0x080017a7   Thumb Code     2  stm32f1xx_hal_uart.o(i.HAL_UART_ErrorCallback)
    HAL_UART_IRQHandler                      0x080017a9   Thumb Code   218  stm32f1xx_hal_uart.o(i.HAL_UART_IRQHandler)
    HAL_UART_Init                            0x08001883   Thumb Code    94  stm32f1xx_hal_uart.o(i.HAL_UART_Init)
    HAL_UART_MspInit                         0x080018e1   Thumb Code    76  bsp_debug_usart.o(i.HAL_UART_MspInit)
    HAL_UART_Receive_IT                      0x08001939   Thumb Code   106  stm32f1xx_hal_uart.o(i.HAL_UART_Receive_IT)
    HAL_UART_RxCpltCallback                  0x080019a5   Thumb Code    40  bsp_usartx.o(i.HAL_UART_RxCpltCallback)
    HAL_UART_Transmit                        0x080019d9   Thumb Code   204  stm32f1xx_hal_uart.o(i.HAL_UART_Transmit)
    HAL_UART_TxCpltCallback                  0x08001aa5   Thumb Code     2  stm32f1xx_hal_uart.o(i.HAL_UART_TxCpltCallback)
    HardFault_Handler                        0x08001aa7   Thumb Code     2  stm32f1xx_it.o(i.HardFault_Handler)
    IsReceiveMS                              0x08001aa9   Thumb Code   126  bsp_gsm.o(i.IsReceiveMS)
    KEY_GPIO_Init                            0x08001b31   Thumb Code   108  bsp_key.o(i.KEY_GPIO_Init)
    LED_GPIO_Init                            0x08001ba5   Thumb Code    96  bsp_led.o(i.LED_GPIO_Init)
    MX_DEBUG_USART_Init                      0x08001c0d   Thumb Code    62  bsp_debug_usart.o(i.MX_DEBUG_USART_Init)
    MX_SPIFlash_Init                         0x08001c59   Thumb Code    48  bsp_spiflash.o(i.MX_SPIFlash_Init)
    MemManage_Handler                        0x08001c91   Thumb Code     2  stm32f1xx_it.o(i.MemManage_Handler)
    NMI_Handler                              0x08001c93   Thumb Code     2  stm32f1xx_it.o(i.NMI_Handler)
    SysTick_Handler                          0x08001cb5   Thumb Code    14  stm32f1xx_it.o(i.SysTick_Handler)
    SystemClock_Config                       0x08001cc3   Thumb Code    92  main.o(i.SystemClock_Config)
    SystemInit                               0x08001d21   Thumb Code    56  system_stm32f1xx.o(i.SystemInit)
    USART3_IRQHandler                        0x08001fe9   Thumb Code     6  stm32f1xx_it.o(i.USART3_IRQHandler)
    UsageFault_Handler                       0x08001ff5   Thumb Code     2  stm32f1xx_it.o(i.UsageFault_Handler)
    Usart_SendByte                           0x08001ff9   Thumb Code    30  bsp_usartx.o(i.Usart_SendByte)
    __0printf                                0x0800201d   Thumb Code    22  printfa.o(i.__0printf)
    __1printf                                0x0800201d   Thumb Code     0  printfa.o(i.__0printf)
    __2printf                                0x0800201d   Thumb Code     0  printfa.o(i.__0printf)
    __c89printf                              0x0800201d   Thumb Code     0  printfa.o(i.__0printf)
    printf                                   0x0800201d   Thumb Code     0  printfa.o(i.__0printf)
    __0sprintf                               0x0800203d   Thumb Code    34  printfa.o(i.__0sprintf)
    __1sprintf                               0x0800203d   Thumb Code     0  printfa.o(i.__0sprintf)
    __2sprintf                               0x0800203d   Thumb Code     0  printfa.o(i.__0sprintf)
    __c89sprintf                             0x0800203d   Thumb Code     0  printfa.o(i.__0sprintf)
    sprintf                                  0x0800203d   Thumb Code     0  printfa.o(i.__0sprintf)
    __scatterload_copy                       0x08002065   Thumb Code    14  handlers.o(i.__scatterload_copy)
    __scatterload_null                       0x08002073   Thumb Code     2  handlers.o(i.__scatterload_null)
    __scatterload_zeroinit                   0x08002075   Thumb Code    14  handlers.o(i.__scatterload_zeroinit)
    clean_rebuff                             0x08002941   Thumb Code    24  bsp_usartx.o(i.clean_rebuff)
    fputc                                    0x08002961   Thumb Code    20  bsp_debug_usart.o(i.fputc)
    get_rebuff                               0x08002979   Thumb Code    10  bsp_usartx.o(i.get_rebuff)
    main                                     0x0800298d   Thumb Code   168  main.o(i.main)
    msgInit                                  0x08002ae9   Thumb Code    54  main.o(i.msgInit)
    readmessage                              0x08002b55   Thumb Code   218  bsp_gsm.o(i.readmessage)
    aAPBAHBPrescTable                        0x08002c78   Data          16  stm32f1xx_hal_rcc.o(.constdata)
    Region$$Table$$Base                      0x08002c88   Number         0  anon$$obj.o(Region$$Table)
    Region$$Table$$Limit                     0x08002ca8   Number         0  anon$$obj.o(Region$$Table)
    SystemCoreClock                          0x20000000   Data           4  system_stm32f1xx.o(.data)
    uCRCErrorWorkaroundCheck                 0x20000008   Data           1  stm32f1xx_hal_spi_ex.o(.data)
    uart_p                                   0x2000000a   Data           2  bsp_usartx.o(.data)
    aRxBuffer                                0x2000000f   Data           1  bsp_gsm.o(.data)
    __stdout                                 0x20000010   Data           4  stdout.o(.data)
    husart_debug                             0x20000014   Data          64  bsp_debug_usart.o(.bss)
    hspiflash                                0x20000054   Data          88  bsp_spiflash.o(.bss)
    husartx_GSM                              0x200000ac   Data          64  bsp_usartx.o(.bss)
    uart_buff                                0x200000ec   Data         255  bsp_usartx.o(.bss)
    __initial_sp                             0x200011f0   Data           0  startup_stm32f103xb.o(STACK)



==============================================================================

Memory Map of the image

  Image Entry point : 0x080000ed

  Load Region LR_IROM1 (Base: 0x08000000, Size: 0x00002cbc, Max: 0x00010000, ABSOLUTE)

    Execution Region ER_IROM1 (Base: 0x08000000, Size: 0x00002ca8, Max: 0x00010000, ABSOLUTE)

    Base Addr    Size         Type   Attr      Idx    E Section Name        Object

    0x08000000   0x000000ec   Data   RO         5037    RESET               startup_stm32f103xb.o
    0x080000ec   0x00000000   Code   RO         6303  * .ARM.Collect$$$$00000000  mc_w.l(entry.o)
    0x080000ec   0x00000004   Code   RO         6641    .ARM.Collect$$$$00000001  mc_w.l(entry2.o)
    0x080000f0   0x00000004   Code   RO         6644    .ARM.Collect$$$$00000004  mc_w.l(entry5.o)
    0x080000f4   0x00000000   Code   RO         6646    .ARM.Collect$$$$00000008  mc_w.l(entry7b.o)
    0x080000f4   0x00000000   Code   RO         6648    .ARM.Collect$$$$0000000A  mc_w.l(entry8b.o)
    0x080000f4   0x00000008   Code   RO         6649    .ARM.Collect$$$$0000000B  mc_w.l(entry9a.o)
    0x080000fc   0x00000000   Code   RO         6651    .ARM.Collect$$$$0000000D  mc_w.l(entry10a.o)
    0x080000fc   0x00000000   Code   RO         6653    .ARM.Collect$$$$0000000F  mc_w.l(entry11a.o)
    0x080000fc   0x00000004   Code   RO         6642    .ARM.Collect$$$$00002712  mc_w.l(entry2.o)
    0x08000100   0x00000024   Code   RO         5038    .text               startup_stm32f103xb.o
    0x08000124   0x00000020   Code   RO         6306    .text               mc_w.l(llushr.o)
    0x08000144   0x00000024   Code   RO         6312    .text               mc_w.l(memseta.o)
    0x08000168   0x00000024   Code   RO         6316    .text               mc_w.l(strstr.o)
    0x0800018c   0x00000030   Code   RO         6639    .text               mf_w.l(cdrcmple.o)
    0x080001bc   0x0000002c   Code   RO         6656    .text               mc_w.l(uidiv.o)
    0x080001e8   0x00000062   Code   RO         6658    .text               mc_w.l(uldiv.o)
    0x0800024a   0x00000000   Code   RO         6668    .text               mc_w.l(iusefp.o)
    0x0800024a   0x000000ba   Code   RO         6669    .text               mf_w.l(depilogue.o)
    0x08000304   0x0000014e   Code   RO         6671    .text               mf_w.l(dadd.o)
    0x08000452   0x000000e4   Code   RO         6673    .text               mf_w.l(dmul.o)
    0x08000536   0x000000de   Code   RO         6675    .text               mf_w.l(ddiv.o)
    0x08000614   0x00000030   Code   RO         6679    .text               mf_w.l(dfixul.o)
    0x08000644   0x00000024   Code   RO         6683    .text               mc_w.l(init.o)
    0x08000668   0x0000001e   Code   RO         6685    .text               mc_w.l(llshl.o)
    0x08000686   0x00000024   Code   RO         6687    .text               mc_w.l(llsshr.o)
    0x080006aa   0x00000002   Code   RO         4894    i.BusFault_Handler  stm32f1xx_it.o
    0x080006ac   0x00000002   Code   RO         4895    i.DebugMon_Handler  stm32f1xx_it.o
    0x080006ae   0x00000002   PAD
    0x080006b0   0x0000004c   Code   RO         5953    i.GSM_GPIO_Init     bsp_usartx.o
    0x080006fc   0x000000fc   Code   RO         5954    i.GSM_USART_printf  bsp_usartx.o
    0x080007f8   0x00000058   Code   RO         5955    i.GSM_USARTx_Init   bsp_usartx.o
    0x08000850   0x00000034   Code   RO         6070    i.GSM_cmd           bsp_gsm.o
    0x08000884   0x0000003e   Code   RO         6071    i.GSM_cmd_check     bsp_gsm.o
    0x080008c2   0x00000002   PAD
    0x080008c4   0x00000094   Code   RO         6085    i.GSM_init          bsp_gsm.o
    0x08000958   0x00000016   Code   RO         1728    i.HAL_Delay         stm32f1xx_hal.o
    0x0800096e   0x00000002   PAD
    0x08000970   0x000001bc   Code   RO         1858    i.HAL_GPIO_Init     stm32f1xx_hal_gpio.o
    0x08000b2c   0x0000000a   Code   RO         1862    i.HAL_GPIO_WritePin  stm32f1xx_hal_gpio.o
    0x08000b36   0x00000002   PAD
    0x08000b38   0x0000000c   Code   RO         1732    i.HAL_GetTick       stm32f1xx_hal.o
    0x08000b44   0x00000010   Code   RO         1733    i.HAL_IncTick       stm32f1xx_hal.o
    0x08000b54   0x00000024   Code   RO         1734    i.HAL_Init          stm32f1xx_hal.o
    0x08000b78   0x00000022   Code   RO         1735    i.HAL_InitTick      stm32f1xx_hal.o
    0x08000b9a   0x00000002   PAD
    0x08000b9c   0x0000005c   Code   RO         4870    i.HAL_MspInit       stm32f1xx_hal_msp.o
    0x08000bf8   0x00000016   Code   RO         1467    i.HAL_NVIC_EnableIRQ  stm32f1xx_hal_cortex.o
    0x08000c0e   0x00000002   PAD
    0x08000c10   0x00000040   Code   RO         1473    i.HAL_NVIC_SetPriority  stm32f1xx_hal_cortex.o
    0x08000c50   0x00000024   Code   RO         1474    i.HAL_NVIC_SetPriorityGrouping  stm32f1xx_hal_cortex.o
    0x08000c74   0x00000288   Code   RO         1361    i.HAL_RCC_ClockConfig  stm32f1xx_hal_rcc.o
    0x08000efc   0x00000034   Code   RO         1366    i.HAL_RCC_GetHCLKFreq  stm32f1xx_hal_rcc.o
    0x08000f30   0x0000002c   Code   RO         1368    i.HAL_RCC_GetPCLK1Freq  stm32f1xx_hal_rcc.o
    0x08000f5c   0x0000002c   Code   RO         1369    i.HAL_RCC_GetPCLK2Freq  stm32f1xx_hal_rcc.o
    0x08000f88   0x00000088   Code   RO         1370    i.HAL_RCC_GetSysClockFreq  stm32f1xx_hal_rcc.o
    0x08001010   0x00000632   Code   RO         1373    i.HAL_RCC_OscConfig  stm32f1xx_hal_rcc.o
    0x08001642   0x00000002   PAD
    0x08001644   0x00000088   Code   RO         4513    i.HAL_SPI_Init      stm32f1xx_hal_spi_ex.o
    0x080016cc   0x00000090   Code   RO         5829    i.HAL_SPI_MspInit   bsp_spiflash.o
    0x0800175c   0x00000018   Code   RO         1476    i.HAL_SYSTICK_CLKSourceConfig  stm32f1xx_hal_cortex.o
    0x08001774   0x00000002   Code   RO         1477    i.HAL_SYSTICK_Callback  stm32f1xx_hal_cortex.o
    0x08001776   0x00000028   Code   RO         1478    i.HAL_SYSTICK_Config  stm32f1xx_hal_cortex.o
    0x0800179e   0x00000008   Code   RO         1479    i.HAL_SYSTICK_IRQHandler  stm32f1xx_hal_cortex.o
    0x080017a6   0x00000002   Code   RO         1933    i.HAL_UART_ErrorCallback  stm32f1xx_hal_uart.o
    0x080017a8   0x000000da   Code   RO         1936    i.HAL_UART_IRQHandler  stm32f1xx_hal_uart.o
    0x08001882   0x0000005e   Code   RO         1937    i.HAL_UART_Init     stm32f1xx_hal_uart.o
    0x080018e0   0x00000058   Code   RO         5775    i.HAL_UART_MspInit  bsp_debug_usart.o
    0x08001938   0x0000006a   Code   RO         1942    i.HAL_UART_Receive_IT  stm32f1xx_hal_uart.o
    0x080019a2   0x00000002   PAD
    0x080019a4   0x00000034   Code   RO         5956    i.HAL_UART_RxCpltCallback  bsp_usartx.o
    0x080019d8   0x000000cc   Code   RO         1945    i.HAL_UART_Transmit  stm32f1xx_hal_uart.o
    0x08001aa4   0x00000002   Code   RO         1948    i.HAL_UART_TxCpltCallback  stm32f1xx_hal_uart.o
    0x08001aa6   0x00000002   Code   RO         4896    i.HardFault_Handler  stm32f1xx_it.o
    0x08001aa8   0x00000088   Code   RO         6090    i.IsReceiveMS       bsp_gsm.o
    0x08001b30   0x00000074   Code   RO         6029    i.KEY_GPIO_Init     bsp_key.o
    0x08001ba4   0x00000068   Code   RO         5744    i.LED_GPIO_Init     bsp_led.o
    0x08001c0c   0x0000004c   Code   RO         5776    i.MX_DEBUG_USART_Init  bsp_debug_usart.o
    0x08001c58   0x00000038   Code   RO         5830    i.MX_SPIFlash_Init  bsp_spiflash.o
    0x08001c90   0x00000002   Code   RO         4897    i.MemManage_Handler  stm32f1xx_it.o
    0x08001c92   0x00000002   Code   RO         4898    i.NMI_Handler       stm32f1xx_it.o
    0x08001c94   0x00000020   Code   RO         1480    i.NVIC_SetPriority  stm32f1xx_hal_cortex.o
    0x08001cb4   0x0000000e   Code   RO         4899    i.SysTick_Handler   stm32f1xx_it.o
    0x08001cc2   0x0000005c   Code   RO         4967    i.SystemClock_Config  main.o
    0x08001d1e   0x00000002   PAD
    0x08001d20   0x00000048   Code   RO            5    i.SystemInit        system_stm32f1xx.o
    0x08001d68   0x000000a8   Code   RO         1955    i.UART_Receive_IT   stm32f1xx_hal_uart.o
    0x08001e10   0x000000e0   Code   RO         1956    i.UART_SetConfig    stm32f1xx_hal_uart.o
    0x08001ef0   0x00000066   Code   RO         1957    i.UART_Transmit_IT  stm32f1xx_hal_uart.o
    0x08001f56   0x00000092   Code   RO         1958    i.UART_WaitOnFlagUntilTimeout  stm32f1xx_hal_uart.o
    0x08001fe8   0x0000000c   Code   RO         4900    i.USART3_IRQHandler  stm32f1xx_it.o
    0x08001ff4   0x00000002   Code   RO         4901    i.UsageFault_Handler  stm32f1xx_it.o
    0x08001ff6   0x00000002   PAD
    0x08001ff8   0x00000024   Code   RO         5957    i.Usart_SendByte    bsp_usartx.o
    0x0800201c   0x00000020   Code   RO         6569    i.__0printf         mc_w.l(printfa.o)
    0x0800203c   0x00000028   Code   RO         6571    i.__0sprintf        mc_w.l(printfa.o)
    0x08002064   0x0000000e   Code   RO         6700    i.__scatterload_copy  mc_w.l(handlers.o)
    0x08002072   0x00000002   Code   RO         6701    i.__scatterload_null  mc_w.l(handlers.o)
    0x08002074   0x0000000e   Code   RO         6702    i.__scatterload_zeroinit  mc_w.l(handlers.o)
    0x08002082   0x00000002   PAD
    0x08002084   0x00000184   Code   RO         6576    i._fp_digits        mc_w.l(printfa.o)
    0x08002208   0x000006dc   Code   RO         6577    i._printf_core      mc_w.l(printfa.o)
    0x080028e4   0x00000024   Code   RO         6578    i._printf_post_padding  mc_w.l(printfa.o)
    0x08002908   0x0000002e   Code   RO         6579    i._printf_pre_padding  mc_w.l(printfa.o)
    0x08002936   0x0000000a   Code   RO         6581    i._sputc            mc_w.l(printfa.o)
    0x08002940   0x00000020   Code   RO         5958    i.clean_rebuff      bsp_usartx.o
    0x08002960   0x00000018   Code   RO         5778    i.fputc             bsp_debug_usart.o
    0x08002978   0x00000014   Code   RO         5959    i.get_rebuff        bsp_usartx.o
    0x0800298c   0x0000015c   Code   RO         4969    i.main              main.o
    0x08002ae8   0x0000006c   Code   RO         4970    i.msgInit           main.o
    0x08002b54   0x00000124   Code   RO         6095    i.readmessage       bsp_gsm.o
    0x08002c78   0x00000010   Data   RO         1374    .constdata          stm32f1xx_hal_rcc.o
    0x08002c88   0x00000020   Data   RO         6698    Region$$Table       anon$$obj.o


    Execution Region RW_IRAM1 (Base: 0x20000000, Size: 0x000011f0, Max: 0x00005000, ABSOLUTE)

    Base Addr    Size         Type   Attr      Idx    E Section Name        Object

    0x20000000   0x00000004   Data   RW            7    .data               system_stm32f1xx.o
    0x20000004   0x00000004   Data   RW         1740    .data               stm32f1xx_hal.o
    0x20000008   0x00000001   Data   RW         4515    .data               stm32f1xx_hal_spi_ex.o
    0x20000009   0x00000001   PAD
    0x2000000a   0x00000002   Data   RW         5961    .data               bsp_usartx.o
    0x2000000c   0x00000004   Data   RW         6097    .data               bsp_gsm.o
    0x20000010   0x00000004   Data   RW         6655    .data               mc_w.l(stdout.o)
    0x20000014   0x00000040   Zero   RW         5779    .bss                bsp_debug_usart.o
    0x20000054   0x00000058   Zero   RW         5845    .bss                bsp_spiflash.o
    0x200000ac   0x0000013f   Zero   RW         5960    .bss                bsp_usartx.o
    0x200001eb   0x00000005   PAD
    0x200001f0   0x00001000   Zero   RW         5035    STACK               startup_stm32f103xb.o


==============================================================================

Image component sizes


      Code (inc. data)   RO Data    RW Data    ZI Data      Debug   Object Name

       188         30          0          0         64       2372   bsp_debug_usart.o
       690        150          0          4          0       4682   bsp_gsm.o
       116          8          0          0          0        980   bsp_key.o
       104          8          0          0          0        940   bsp_led.o
       200         20          0          0         88       2524   bsp_spiflash.o
       556         62          0          2        319       5823   bsp_usartx.o
       548        234          0          0          0       1770   main.o
        36          8        236          0       4096        788   startup_stm32f103xb.o
       120         16          0          4          0       3714   stm32f1xx_hal.o
       228         14          0          0          0      27529   stm32f1xx_hal_cortex.o
       454         36          0          0          0       3104   stm32f1xx_hal_gpio.o
        92          6          0          0          0        874   stm32f1xx_hal_msp.o
      2510         86         16          0          0       6312   stm32f1xx_hal_rcc.o
       136          4          0          1          0       1402   stm32f1xx_hal_spi_ex.o
      1266          4          0          0          0       8363   stm32f1xx_hal_uart.o
        38          6          0          0          0       3547   stm32f1xx_it.o
        72         16          0          4          0     236609   system_stm32f1xx.o

    ----------------------------------------------------------------------
      7374        708        284         16       4572     311333   Object Totals
         0          0         32          0          0          0   (incl. Generated)
        20          0          0          1          5          0   (incl. Padding)

    ----------------------------------------------------------------------

      Code (inc. data)   RO Data    RW Data    ZI Data      Debug   Library Member Name

         0          0          0          0          0          0   entry.o
         0          0          0          0          0          0   entry10a.o
         0          0          0          0          0          0   entry11a.o
         8          4          0          0          0          0   entry2.o
         4          0          0          0          0          0   entry5.o
         0          0          0          0          0          0   entry7b.o
         0          0          0          0          0          0   entry8b.o
         8          4          0          0          0          0   entry9a.o
        30          0          0          0          0          0   handlers.o
        36          8          0          0          0         68   init.o
         0          0          0          0          0          0   iusefp.o
        30          0          0          0          0         68   llshl.o
        36          0          0          0          0         68   llsshr.o
        32          0          0          0          0         68   llushr.o
        36          0          0          0          0        108   memseta.o
      2308         96          0          0          0        604   printfa.o
         0          0          0          4          0          0   stdout.o
        36          0          0          0          0         80   strstr.o
        44          0          0          0          0         80   uidiv.o
        98          0          0          0          0         92   uldiv.o
        48          0          0          0          0         68   cdrcmple.o
       334          0          0          0          0        148   dadd.o
       222          0          0          0          0        100   ddiv.o
       186          0          0          0          0        176   depilogue.o
        48          0          0          0          0         68   dfixul.o
       228          0          0          0          0         96   dmul.o

    ----------------------------------------------------------------------
      3774        112          0          4          0       1892   Library Totals
         2          0          0          0          0          0   (incl. Padding)

    ----------------------------------------------------------------------

      Code (inc. data)   RO Data    RW Data    ZI Data      Debug   Library Name

      2706        112          0          4          0       1236   mc_w.l
      1066          0          0          0          0        656   mf_w.l

    ----------------------------------------------------------------------
      3774        112          0          4          0       1892   Library Totals

    ----------------------------------------------------------------------

==============================================================================


      Code (inc. data)   RO Data    RW Data    ZI Data      Debug   

     11148        820        284         20       4572     309217   Grand Totals
     11148        820        284         20       4572     309217   ELF Image Totals
     11148        820        284         20          0          0   ROM Totals

==============================================================================

    Total RO  Size (Code + RO Data)                11432 (  11.16kB)
    Total RW  Size (RW Data + ZI Data)              4592 (   4.48kB)
    Total ROM Size (Code + RO Data + RW Data)      11452 (  11.18kB)

==============================================================================

