<html>
<body>
<pre>
<h1>µVision Build Log</h1>
<h2>Tool Versions:</h2>
IDE-Version: ¦ÌVision V5.14.0.0
Copyright (C) 2015 ARM Ltd and ARM Germany GmbH. All rights reserved.
License Information: 1 Microsoft, Microsoft, LIC=AK1X7-EQVEA-BV91G-V1P8D-I9FM6-9XGQJ
 
Tool Versions:
Toolchain:       MDK-ARM Professional  Version: 5.14.0.0
Toolchain Path:  d:\Keil_v5\ARM\ARMCC\Bin
C Compiler:      Armcc.exe V5.05 update 1 (build 106)
Assembler:       Armasm.exe V5.05 update 1 (build 106)
Linker/Locator:  ArmLink.exe V5.05 update 1 (build 106)
Library Manager: ArmAr.exe V5.05 update 1 (build 106)
Hex Converter:   FromElf.exe V5.05 update 1 (build 106)
CPU DLL:         SARMCM3.DLL V5.14.0.0
Dialog DLL:      DCM.DLL V1.13.1.0
Target DLL:      STLink\ST-LINKIII-KEIL_SWO.dll V2.0.14.0_KEIL
Dialog DLL:      TCM.DLL V1.14.4.0
 
<h2>Project:</h2>
E:\git\papergo-ic\MDK-ARM\YS-F1Mini.uvprojx
Project File Date:  01/21/2018

<h2>Output:</h2>
Build target 'YS-F1Mini'
compiling system_stm32f1xx.c...
compiling stm32f1xx_hal_pwr.c...
compiling stm32f1xx_hal_flash_ex.c...
compiling stm32f1xx_hal_dma.c...
compiling stm32f1xx_hal_tim.c...
compiling stm32f1xx_hal_tim_ex.c...
compiling stm32f1xx_hal_rcc.c...
compiling stm32f1xx_hal_cortex.c...
compiling stm32f1xx_hal_flash.c...
compiling stm32f1xx_hal_rcc_ex.c...
compiling stm32f1xx_hal.c...
compiling stm32f1xx_hal_gpio.c...
compiling stm32f1xx_hal_uart.c...
compiling stm32f1xx_hal_usart.c...
compiling stm32f1xx_hal_adc.c...
compiling stm32f1xx_hal_adc_ex.c...
compiling stm32f1xx_hal_can.c...
compiling stm32f1xx_hal_cec.c...
compiling stm32f1xx_hal_crc.c...
compiling stm32f1xx_hal_dac.c...
compiling stm32f1xx_hal_dac_ex.c...
compiling stm32f1xx_hal_eth.c...
compiling stm32f1xx_hal_gpio_ex.c...
compiling stm32f1xx_hal_hcd.c...
compiling stm32f1xx_hal_i2c.c...
compiling stm32f1xx_hal_i2s.c...
compiling stm32f1xx_hal_irda.c...
compiling stm32f1xx_hal_iwdg.c...
compiling stm32f1xx_hal_nand.c...
compiling stm32f1xx_hal_nor.c...
compiling stm32f1xx_hal_pccard.c...
compiling stm32f1xx_hal_pcd.c...
compiling stm32f1xx_hal_pcd_ex.c...
compiling stm32f1xx_hal_rtc.c...
compiling stm32f1xx_hal_rtc_ex.c...
compiling stm32f1xx_hal_sd.c...
compiling stm32f1xx_hal_smartcard.c...
compiling stm32f1xx_hal_spi.c...
compiling stm32f1xx_hal_spi_ex.c...
compiling stm32f1xx_hal_sram.c...
compiling stm32f1xx_hal_wwdg.c...
compiling stm32f1xx_ll_fsmc.c...
compiling stm32f1xx_ll_sdmmc.c...
compiling stm32f1xx_ll_usb.c...
compiling stm32f1xx_hal_msp.c...
compiling stm32f1xx_it.c...
compiling main.c...
assembling startup_stm32f103xb.s...
compiling cJSON.c...
compiling cJSON_Utils.c...
compiling bsp_led.c...
compiling bsp_debug_usart.c...
compiling bsp_spiflash.c...
compiling bsp_usartx.c...
compiling bsp_key.c...
compiling bsp_gsm.c...
compiling YS_936.c...
linking...
Program Size: Code=16186 RO-data=390 RW-data=60 ZI-data=5084  
FromELF: creating hex file...
".\YS-F1Mini\YS-F1Mini.axf" - 0 Error(s), 0 Warning(s).

<h2>Collection of Component include folders:</h2>
  E:\git\papergo-ic\MDK-ARM\RTE
  d:\Keil_v5\ARM\PACK\Keil\STM32F1xx_DFP\1.0.5\Device\Include

<h2>Collection of Component Files used:</h2>
</pre>
</body>
</html>
